2025-07-09 23:36:02.799 15113-17808 BLASTBufferQueue        utfpr.edu.br.pm46sturismo            I  releaseBufferCallbackThunk bufferId:64909840744596 framenumber:2 blastBufferQueue is dead
2025-07-09 23:36:02.815 15113-17808 BLASTBufferQueue        utfpr.edu.br.pm46sturismo            I  releaseBufferCallbackThunk bufferId:64909840744603 framenumber:2 blastBufferQueue is dead
2025-07-09 23:36:02.836 15113-15113 ViewRootIm...w:2e0419f] utfpr.edu.br.pm46sturismo            D  hardware acceleration = true, sRendererEnabled = true, forceHwAccelerated = false
2025-07-09 23:36:02.839 15113-15113 InputMethodManager      utfpr.edu.br.pm46sturismo            D  showSoftInput() view=androidx.appcompat.widget.AppCompatEditText{7d006aa VFED..CL. .F....ID 48,1260-1032,1396 #7f0800c2 app:id/editarEndereco aid=1073741826} flags=0 reason=SHOW_SOFT_INPUT
2025-07-09 23:36:02.840 15113-15113 androidtc               utfpr.edu.br.pm46sturismo            W  TextClassifier called on main thread
2025-07-09 23:36:02.844 15113-15113 ViewRootIm...w:74ede8c] utfpr.edu.br.pm46sturismo            D  hardware acceleration = true, sRendererEnabled = true, forceHwAccelerated = false
2025-07-09 23:36:02.848 15113-15113 ViewRootIm...w:79250db] utfpr.edu.br.pm46sturismo            D  hardware acceleration = true, sRendererEnabled = true, forceHwAccelerated = false
2025-07-09 23:36:02.856 15113-17718 libPerfCtl              utfpr.edu.br.pm46sturismo            I  fbcNotifySbeRescue ret=-1
2025-07-09 23:36:02.857 15113-15113 BufferQueueConsumer     utfpr.edu.br.pm46sturismo            I  [](id:3b0900000018,api:0,p:-1,c:15113) connect: controlledByApp=false
2025-07-09 23:36:02.857 15113-15113 BLASTBufferQueue        utfpr.edu.br.pm46sturismo            I  [ViewRootImpl[PopupWindow:2e0419f]#23] constructor()
2025-07-09 23:36:02.858 15113-17713 BufferQueueProducer     utfpr.edu.br.pm46sturismo            I  [ViewRootImpl[PopupWindow:2e0419f]#23(BLAST Consumer)23](id:3b0900000018,api:1,p:15113,c:15113) connect: api=1 producerControlledByApp=true
2025-07-09 23:36:02.877 15113-15113 InsetsController        utfpr.edu.br.pm46sturismo            D  show(ime(), fromIme=true)
2025-07-09 23:36:02.879 15113-17713 BufferQueueProducer     utfpr.edu.br.pm46sturismo            I  [ViewRootImpl[PopupWindow:61cc519]#19(BLAST Consumer)19](id:3b0900000014,api:1,p:15113,c:15113) disconnect: api 1
2025-07-09 23:36:02.879 15113-15113 View                    utfpr.edu.br.pm46sturismo            D  [Warning] assignParent to null: this = android.widget.PopupWindow$PopupDecorView{edc5384 V.E...... R......D 0,0-880,750}
2025-07-09 23:36:02.882 15113-18222 BLASTBufferQueue        utfpr.edu.br.pm46sturismo            I  releaseBufferCallbackThunk bufferId:64909840744604 framenumber:1 blastBufferQueue is dead
2025-07-09 23:36:02.883 15113-17718 libPerfCtl              utfpr.edu.br.pm46sturismo            I  fbcNotifySbeRescue ret=-1
2025-07-09 23:36:02.889 15113-18222 BLASTBufferQueue        utfpr.edu.br.pm46sturismo            I  [ViewRootImpl[PopupWindow:61cc519]#19] destructor()
2025-07-09 23:36:02.889 15113-18222 BufferQueueConsumer     utfpr.edu.br.pm46sturismo            I  [ViewRootImpl[PopupWindow:61cc519]#19(BLAST Consumer)19](id:3b0900000014,api:0,p:-1,c:15113) disconnect
2025-07-09 23:36:02.896 15113-15113 BufferQueueConsumer     utfpr.edu.br.pm46sturismo            I  [](id:3b0900000019,api:0,p:-1,c:15113) connect: controlledByApp=false
2025-07-09 23:36:02.897 15113-15113 BLASTBufferQueue        utfpr.edu.br.pm46sturismo            I  [ViewRootImpl[PopupWindow:74ede8c]#24] constructor()
2025-07-09 23:36:02.898 15113-17713 BufferQueueProducer     utfpr.edu.br.pm46sturismo            I  [ViewRootImpl[PopupWindow:74ede8c]#24(BLAST Consumer)24](id:3b0900000019,api:1,p:15113,c:15113) connect: api=1 producerControlledByApp=true
2025-07-09 23:36:02.899 15113-18222 BLASTBufferQueue        utfpr.edu.br.pm46sturismo            I  releaseBufferCallbackThunk bufferId:64909840744586 framenumber:11 blastBufferQueue is dead
2025-07-09 23:36:02.908 15113-15113 BufferQueueConsumer     utfpr.edu.br.pm46sturismo            I  [](id:3b090000001a,api:0,p:-1,c:15113) connect: controlledByApp=false
2025-07-09 23:36:02.908 15113-15113 BLASTBufferQueue        utfpr.edu.br.pm46sturismo            I  [ViewRootImpl[PopupWindow:79250db]#25] constructor()
2025-07-09 23:36:02.909 15113-17713 BufferQueueProducer     utfpr.edu.br.pm46sturismo            I  [ViewRootImpl[PopupWindow:79250db]#25(BLAST Consumer)25](id:3b090000001a,api:1,p:15113,c:15113) connect: api=1 producerControlledByApp=true
2025-07-09 23:36:02.937 15113-18222 BLASTBufferQueue        utfpr.edu.br.pm46sturismo            E  [ViewRootImpl[PopupWindow:2e0419f]#23](f:0,a:4) isEGL=1, mPendingRelease.size()=1, mMaxAcquiredBuffers=5, currentMaxAcquiredBufferCount=2
2025-07-09 23:36:02.953 15113-17808 BLASTBufferQueue        utfpr.edu.br.pm46sturismo            E  [ViewRootImpl[PopupWindow:74ede8c]#24](f:0,a:2) isEGL=1, mPendingRelease.size()=1, mMaxAcquiredBuffers=5, currentMaxAcquiredBufferCount=2
2025-07-09 23:36:02.953 15113-17808 BLASTBufferQueue        utfpr.edu.br.pm46sturismo            E  [ViewRootImpl[PopupWindow:2e0419f]#23](f:0,a:5) isEGL=1, mPendingRelease.size()=2, mMaxAcquiredBuffers=5, currentMaxAcquiredBufferCount=2
2025-07-09 23:36:02.953 15113-17808 BLASTBufferQueue        utfpr.edu.br.pm46sturismo            E  [ViewRootImpl[PopupWindow:79250db]#25](f:0,a:2) isEGL=1, mPendingRelease.size()=1, mMaxAcquiredBuffers=5, currentMaxAcquiredBufferCount=2
2025-07-09 23:36:02.971 15113-17808 BLASTBufferQueue        utfpr.edu.br.pm46sturismo            E  [ViewRootImpl[PopupWindow:2e0419f]#23](f:0,a:6) isEGL=1, mPendingRelease.size()=3, mMaxAcquiredBuffers=5, currentMaxAcquiredBufferCount=2
2025-07-09 23:36:03.463 15113-17713 BufferQueueProducer     utfpr.edu.br.pm46sturismo            I  [ViewRootImpl[PopupWindow:74ede8c]#24(BLAST Consumer)24](id:3b0900000019,api:1,p:15113,c:15113) disconnect: api 1
2025-07-09 23:36:03.463 15113-15113 View                    utfpr.edu.br.pm46sturismo            D  [Warning] assignParent to null: this = android.widget.PopupWindow$PopupDecorView{7ffbfa2 V.E...... R....... 0,0-132,120}
2025-07-09 23:36:03.463 15113-15113 BLASTBufferQueue        utfpr.edu.br.pm46sturismo            I  [ViewRootImpl[PopupWindow:74ede8c]#24] destructor()
2025-07-09 23:36:03.463 15113-15113 BufferQueueConsumer     utfpr.edu.br.pm46sturismo            I  [ViewRootImpl[PopupWindow:74ede8c]#24(BLAST Consumer)24](id:3b0900000019,api:0,p:-1,c:15113) disconnect
2025-07-09 23:36:03.468 15113-17718 libPerfCtl              utfpr.edu.br.pm46sturismo            I  fbcNotifySbeRescue ret=-1
2025-07-09 23:36:03.470 15113-17713 BufferQueueProducer     utfpr.edu.br.pm46sturismo            I  [ViewRootImpl[PopupWindow:79250db]#25(BLAST Consumer)25](id:3b090000001a,api:1,p:15113,c:15113) disconnect: api 1
2025-07-09 23:36:03.470 15113-15113 View                    utfpr.edu.br.pm46sturismo            D  [Warning] assignParent to null: this = android.widget.PopupWindow$PopupDecorView{d942433 V.E...... R....... 0,0-132,120}
2025-07-09 23:36:03.470 15113-15113 BLASTBufferQueue        utfpr.edu.br.pm46sturismo            I  [ViewRootImpl[PopupWindow:79250db]#25] destructor()
2025-07-09 23:36:03.470 15113-15113 BufferQueueConsumer     utfpr.edu.br.pm46sturismo            I  [ViewRootImpl[PopupWindow:79250db]#25(BLAST Consumer)25](id:3b090000001a,api:0,p:-1,c:15113) disconnect
2025-07-09 23:36:03.482 15113-15113 BufferQueueConsumer     utfpr.edu.br.pm46sturismo            I  [](id:3b090000001b,api:0,p:-1,c:15113) connect: controlledByApp=false
2025-07-09 23:36:03.483 15113-15113 BLASTBufferQueue        utfpr.edu.br.pm46sturismo            I  [magnifier surface#26] constructor()
2025-07-09 23:36:03.484 15113-17713 BufferQueueProducer     utfpr.edu.br.pm46sturismo            I  [magnifier surface#26(BLAST Consumer)26](id:3b090000001b,api:1,p:15113,c:15113) connect: api=1 producerControlledByApp=true
2025-07-09 23:36:03.498 15113-15113 ViewRootIm...w:c90582f] utfpr.edu.br.pm46sturismo            D  hardware acceleration = true, sRendererEnabled = true, forceHwAccelerated = false
2025-07-09 23:36:03.509 15113-17718 libPerfCtl              utfpr.edu.br.pm46sturismo            I  fbcNotifySbeRescue ret=-1
2025-07-09 23:36:03.514 15113-15113 BufferQueueConsumer     utfpr.edu.br.pm46sturismo            I  [](id:3b090000001c,api:0,p:-1,c:15113) connect: controlledByApp=false
2025-07-09 23:36:03.514 15113-15113 BLASTBufferQueue        utfpr.edu.br.pm46sturismo            I  [ViewRootImpl[PopupWindow:c90582f]#27] constructor()
2025-07-09 23:36:03.515 15113-17713 BufferQueueProducer     utfpr.edu.br.pm46sturismo            I  [ViewRootImpl[PopupWindow:c90582f]#27(BLAST Consumer)27](id:3b090000001c,api:1,p:15113,c:15113) connect: api=1 producerControlledByApp=true
2025-07-09 23:36:03.528 15113-17718 libPerfCtl              utfpr.edu.br.pm46sturismo            I  fbcNotifySbeRescue ret=-1
2025-07-09 23:36:03.551 15113-17713 OpenGLRenderer          utfpr.edu.br.pm46sturismo            E  JankTracker::calculateLegacyJank expectedDequeueDuration > 0 expectedDequeueDuration=4435529, DequeueBufferDuration=632615, forgiveAmount=632615, totalDuration=28834268
2025-07-09 23:36:03.572 15113-17718 libPerfCtl              utfpr.edu.br.pm46sturismo            I  fbcNotifySbeRescue ret=-1
2025-07-09 23:36:03.575 15113-17713 OpenGLRenderer          utfpr.edu.br.pm46sturismo            E  JankTracker::calculateLegacyJank expectedDequeueDuration > 0 expectedDequeueDuration=6406375, DequeueBufferDuration=725539, forgiveAmount=725539, totalDuration=2898421
2025-07-09 23:36:03.591 15113-18059 BLASTBufferQueue        utfpr.edu.br.pm46sturismo            E  [magnifier surface#26](f:0,a:2) isEGL=1, mPendingRelease.size()=1, mMaxAcquiredBuffers=5, currentMaxAcquiredBufferCount=2
2025-07-09 23:36:03.591 15113-18059 BLASTBufferQueue        utfpr.edu.br.pm46sturismo            E  [ViewRootImpl[PopupWindow:c90582f]#27](f:0,a:2) isEGL=1, mPendingRelease.size()=1, mMaxAcquiredBuffers=5, currentMaxAcquiredBufferCount=2
2025-07-09 23:36:03.592 15113-17718 libPerfCtl              utfpr.edu.br.pm46sturismo            I  fbcNotifySbeRescue ret=-1
2025-07-09 23:36:03.595 15113-17713 OpenGLRenderer          utfpr.edu.br.pm46sturismo            E  JankTracker::calculateLegacyJank expectedDequeueDuration > 0 expectedDequeueDuration=6027298, DequeueBufferDuration=537154, forgiveAmount=537154, totalDuration=3285653
2025-07-09 23:36:03.607 15113-17808 BLASTBufferQueue        utfpr.edu.br.pm46sturismo            E  [magnifier surface#26](f:0,a:3) isEGL=1, mPendingRelease.size()=2, mMaxAcquiredBuffers=5, currentMaxAcquiredBufferCount=2
2025-07-09 23:36:03.610 15113-17718 libPerfCtl              utfpr.edu.br.pm46sturismo            I  fbcNotifySbeRescue ret=-1
2025-07-09 23:36:03.622 15113-17713 OpenGLRenderer          utfpr.edu.br.pm46sturismo            E  JankTracker::calculateLegacyJank expectedDequeueDuration > 0 expectedDequeueDuration=3884836, DequeueBufferDuration=660538, forgiveAmount=660538, totalDuration=3599961
2025-07-09 23:36:03.624 15113-17718 libPerfCtl              utfpr.edu.br.pm46sturismo            I  fbcNotifySbeRescue ret=-1
2025-07-09 23:36:03.641 15113-17718 libPerfCtl              utfpr.edu.br.pm46sturismo            I  fbcNotifySbeRescue ret=-1
2025-07-09 23:36:03.642 15113-17808 BLASTBufferQueue        utfpr.edu.br.pm46sturismo            E  [magnifier surface#26](f:0,a:4) isEGL=1, mPendingRelease.size()=3, mMaxAcquiredBuffers=5, currentMaxAcquiredBufferCount=2
2025-07-09 23:36:03.643 15113-17713 OpenGLRenderer          utfpr.edu.br.pm46sturismo            E  JankTracker::calculateLegacyJank expectedDequeueDuration > 0 expectedDequeueDuration=6546298, DequeueBufferDuration=518153, forgiveAmount=518153, totalDuration=2927346
2025-07-09 23:36:03.652 15113-18059 BLASTBufferQueue        utfpr.edu.br.pm46sturismo            I  releaseBufferCallbackThunk bufferId:64909840744631 framenumber:2 blastBufferQueue is dead
2025-07-09 23:36:03.653 15113-18059 BLASTBufferQueue        utfpr.edu.br.pm46sturismo            I  releaseBufferCallbackThunk bufferId:64909840744624 framenumber:2 blastBufferQueue is dead
2025-07-09 23:36:03.656 15113-17718 libPerfCtl              utfpr.edu.br.pm46sturismo            I  fbcNotifySbeRescue ret=-1
2025-07-09 23:36:03.691 15113-17713 OpenGLRenderer          utfpr.edu.br.pm46sturismo            E  JankTracker::calculateLegacyJank expectedDequeueDuration > 0 expectedDequeueDuration=5068529, DequeueBufferDuration=613538, forgiveAmount=613538, totalDuration=2801346
2025-07-09 23:36:03.718 15113-17713 BufferQueueProducer     utfpr.edu.br.pm46sturismo            I  [ViewRootImpl[PopupWindow:2e0419f]#23(BLAST Consumer)23](id:3b0900000018,api:1,p:15113,c:15113) disconnect: api 1
2025-07-09 23:36:03.719 15113-17718 libPerfCtl              utfpr.edu.br.pm46sturismo            I  fbcNotifySbeRescue ret=-1
2025-07-09 23:36:03.719 15113-15113 View                    utfpr.edu.br.pm46sturismo            D  [Warning] assignParent to null: this = android.widget.PopupWindow$PopupDecorView{f92db77 V.E...... R......D 0,0-880,750}
2025-07-09 23:36:03.742 15113-18059 BLASTBufferQueue        utfpr.edu.br.pm46sturismo            I  [ViewRootImpl[PopupWindow:2e0419f]#23] destructor()
2025-07-09 23:36:03.742 15113-18059 BufferQueueConsumer     utfpr.edu.br.pm46sturismo            I  [ViewRootImpl[PopupWindow:2e0419f]#23(BLAST Consumer)23](id:3b0900000018,api:0,p:-1,c:15113) disconnect
2025-07-09 23:36:03.750 15113-18059 BLASTBufferQueue        utfpr.edu.br.pm46sturismo            I  releaseBufferCallbackThunk bufferId:64909840744612 framenumber:13 blastBufferQueue is dead
2025-07-09 23:36:03.754 15113-17718 libPerfCtl              utfpr.edu.br.pm46sturismo            I  fbcNotifySbeRescue ret=-1
2025-07-09 23:36:03.774 15113-17713 OpenGLRenderer          utfpr.edu.br.pm46sturismo            E  JankTracker::calculateLegacyJank expectedDequeueDuration > 0 expectedDequeueDuration=4823221, DequeueBufferDuration=599923, forgiveAmount=599923, totalDuration=2175652
2025-07-09 23:36:03.787 15113-17718 libPerfCtl              utfpr.edu.br.pm46sturismo            I  fbcNotifySbeRescue ret=-1
2025-07-09 23:36:03.789 15113-17713 OpenGLRenderer          utfpr.edu.br.pm46sturismo            E  JankTracker::calculateLegacyJank expectedDequeueDuration > 0 expectedDequeueDuration=6451913, DequeueBufferDuration=8411692, forgiveAmount=6451913, totalDuration=4757201
2025-07-09 23:36:03.803 15113-17718 libPerfCtl              utfpr.edu.br.pm46sturismo            I  fbcNotifySbeRescue ret=-1
2025-07-09 23:36:03.805 15113-17713 OpenGLRenderer          utfpr.edu.br.pm46sturismo            E  JankTracker::calculateLegacyJank expectedDequeueDuration > 0 expectedDequeueDuration=5035605, DequeueBufferDuration=8752615, forgiveAmount=5035605, totalDuration=6268741
2025-07-09 23:36:03.823 15113-17718 libPerfCtl              utfpr.edu.br.pm46sturismo            I  fbcNotifySbeRescue ret=-1
2025-07-09 23:36:03.824 15113-17713 OpenGLRenderer          utfpr.edu.br.pm46sturismo            E  JankTracker::calculateLegacyJank expectedDequeueDuration > 0 expectedDequeueDuration=6847913, DequeueBufferDuration=5680308, forgiveAmount=5680308, totalDuration=1778575
2025-07-09 23:36:03.840 15113-17713 OpenGLRenderer          utfpr.edu.br.pm46sturismo            E  JankTracker::calculateLegacyJank expectedDequeueDuration > 0 expectedDequeueDuration=5358375, DequeueBufferDuration=3518154, forgiveAmount=3518154, totalDuration=2896498
2025-07-09 23:36:03.841 15113-17718 libPerfCtl              utfpr.edu.br.pm46sturismo            I  fbcNotifySbeRescue ret=-1
2025-07-09 23:36:03.855 15113-17718 libPerfCtl              utfpr.edu.br.pm46sturismo            I  fbcNotifySbeRescue ret=-1
2025-07-09 23:36:03.857 15113-17713 OpenGLRenderer          utfpr.edu.br.pm46sturismo            E  JankTracker::calculateLegacyJank expectedDequeueDuration > 0 expectedDequeueDuration=5188452, DequeueBufferDuration=6262539, forgiveAmount=5188452, totalDuration=3252739
2025-07-09 23:36:03.871 15113-17713 OpenGLRenderer          utfpr.edu.br.pm46sturismo            E  JankTracker::calculateLegacyJank expectedDequeueDuration > 0 expectedDequeueDuration=6154605, DequeueBufferDuration=3368923, forgiveAmount=3368923, totalDuration=2357498
2025-07-09 23:36:03.873 15113-17718 libPerfCtl              utfpr.edu.br.pm46sturismo            I  fbcNotifySbeRescue ret=-1
2025-07-09 23:36:03.887 15113-17718 libPerfCtl              utfpr.edu.br.pm46sturismo            I  fbcNotifySbeRescue ret=-1
2025-07-09 23:36:03.889 15113-17713 OpenGLRenderer          utfpr.edu.br.pm46sturismo            E  JankTracker::calculateLegacyJank expectedDequeueDuration > 0 expectedDequeueDuration=5536529, DequeueBufferDuration=6718384, forgiveAmount=5536529, totalDuration=3285509
2025-07-09 23:36:03.904 15113-17718 libPerfCtl              utfpr.edu.br.pm46sturismo            I  fbcNotifySbeRescue ret=-1
2025-07-09 23:36:03.905 15113-17713 OpenGLRenderer          utfpr.edu.br.pm46sturismo            E  JankTracker::calculateLegacyJank expectedDequeueDuration > 0 expectedDequeueDuration=5697452, DequeueBufferDuration=6276923, forgiveAmount=5697452, totalDuration=2704970
2025-07-09 23:36:03.921 15113-17713 OpenGLRenderer          utfpr.edu.br.pm46sturismo            E  JankTracker::calculateLegacyJank expectedDequeueDuration > 0 expectedDequeueDuration=5909759, DequeueBufferDuration=6064616, forgiveAmount=5909759, totalDuration=1798201
2025-07-09 23:36:03.921 15113-17718 libPerfCtl              utfpr.edu.br.pm46sturismo            I  fbcNotifySbeRescue ret=-1
2025-07-09 23:36:03.941 15113-17718 libPerfCtl              utfpr.edu.br.pm46sturismo            I  fbcNotifySbeRescue ret=-1
2025-07-09 23:36:03.941 15113-17713 OpenGLRenderer          utfpr.edu.br.pm46sturismo            E  JankTracker::calculateLegacyJank expectedDequeueDuration > 0 expectedDequeueDuration=6606375, DequeueBufferDuration=5251769, forgiveAmount=5251769, totalDuration=2112191
2025-07-09 23:36:03.957 15113-17713 OpenGLRenderer          utfpr.edu.br.pm46sturismo            E  JankTracker::calculateLegacyJank expectedDequeueDuration > 0 expectedDequeueDuration=6508144, DequeueBufferDuration=4963077, forgiveAmount=4963077, totalDuration=1839345
2025-07-09 23:36:03.958 15113-17718 libPerfCtl              utfpr.edu.br.pm46sturismo            I  fbcNotifySbeRescue ret=-1
2025-07-09 23:36:03.971 15113-17718 libPerfCtl              utfpr.edu.br.pm46sturismo            I  fbcNotifySbeRescue ret=-1
2025-07-09 23:36:03.974 15113-17713 OpenGLRenderer          utfpr.edu.br.pm46sturismo            E  JankTracker::calculateLegacyJank expectedDequeueDuration > 0 expectedDequeueDuration=5873067, DequeueBufferDuration=6723692, forgiveAmount=5873067, totalDuration=2421663
2025-07-09 23:36:03.988 15113-17713 OpenGLRenderer          utfpr.edu.br.pm46sturismo            E  JankTracker::calculateLegacyJank expectedDequeueDuration > 0 expectedDequeueDuration=5836144, DequeueBufferDuration=2203692, forgiveAmount=2203692, totalDuration=2622422
2025-07-09 23:36:03.991 15113-17718 libPerfCtl              utfpr.edu.br.pm46sturismo            I  fbcNotifySbeRescue ret=-1
2025-07-09 23:36:04.003 15113-17718 libPerfCtl              utfpr.edu.br.pm46sturismo            I  fbcNotifySbeRescue ret=-1
2025-07-09 23:36:04.007 15113-17713 OpenGLRenderer          utfpr.edu.br.pm46sturismo            E  JankTracker::calculateLegacyJank expectedDequeueDuration > 0 expectedDequeueDuration=6805452, DequeueBufferDuration=11860308, forgiveAmount=6805452, totalDuration=8161509
2025-07-09 23:36:04.022 15113-17713 OpenGLRenderer          utfpr.edu.br.pm46sturismo            E  JankTracker::calculateLegacyJank expectedDequeueDuration > 0 expectedDequeueDuration=5346605, DequeueBufferDuration=9137538, forgiveAmount=5346605, totalDuration=5668585
2025-07-09 23:36:04.038 15113-17713 OpenGLRenderer          utfpr.edu.br.pm46sturismo            E  JankTracker::calculateLegacyJank expectedDequeueDuration > 0 expectedDequeueDuration=5565990, DequeueBufferDuration=5551462, forgiveAmount=5551462, totalDuration=1950576
2025-07-09 23:36:04.054 15113-17713 OpenGLRenderer          utfpr.edu.br.pm46sturismo            E  JankTracker::calculateLegacyJank expectedDequeueDuration > 0 expectedDequeueDuration=4750067, DequeueBufferDuration=5855077, forgiveAmount=4750067, totalDuration=3668970
2025-07-09 23:36:04.072 15113-17713 OpenGLRenderer          utfpr.edu.br.pm46sturismo            E  JankTracker::calculateLegacyJank expectedDequeueDuration > 0 expectedDequeueDuration=5177759, DequeueBufferDuration=6884385, forgiveAmount=5177759, totalDuration=3952202
2025-07-09 23:36:04.090 15113-17713 OpenGLRenderer          utfpr.edu.br.pm46sturismo            E  JankTracker::calculateLegacyJank expectedDequeueDuration > 0 expectedDequeueDuration=5837452, DequeueBufferDuration=11423384, forgiveAmount=5837452, totalDuration=9320278
2025-07-09 23:36:04.105 15113-17713 OpenGLRenderer          utfpr.edu.br.pm46sturismo            E  JankTracker::calculateLegacyJank expectedDequeueDuration > 0 expectedDequeueDuration=4553144, DequeueBufferDuration=6997769, forgiveAmount=4553144, totalDuration=5159432
2025-07-09 23:36:04.124 15113-17713 OpenGLRenderer          utfpr.edu.br.pm46sturismo            E  JankTracker::calculateLegacyJank expectedDequeueDuration > 0 expectedDequeueDuration=6654298, DequeueBufferDuration=11682077, forgiveAmount=6654298, totalDuration=8514585
2025-07-09 23:36:04.155 15113-15113 androidtc               utfpr.edu.br.pm46sturismo            D  Initializing SystemTextClassifier, type = System
2025-07-09 23:36:04.157 15113-15113 androidtc               utfpr.edu.br.pm46sturismo            W  TextClassifier called on main thread
2025-07-09 23:36:04.158 15113-17713 BufferQueueProducer     utfpr.edu.br.pm46sturismo            I  [magnifier surface#26(BLAST Consumer)26](id:3b090000001b,api:1,p:15113,c:15113) disconnect: api 1
2025-07-09 23:36:04.174 15113-18222 BLASTBufferQueue        utfpr.edu.br.pm46sturismo            I  [magnifier surface#26] destructor()
2025-07-09 23:36:04.174 15113-18222 BufferQueueConsumer     utfpr.edu.br.pm46sturismo            I  [magnifier surface#26(BLAST Consumer)26](id:3b090000001b,api:0,p:-1,c:15113) disconnect
2025-07-09 23:36:04.183 15113-18222 BLASTBufferQueue        utfpr.edu.br.pm46sturismo            I  releaseBufferCallbackThunk bufferId:64909840744644 framenumber:36 blastBufferQueue is dead
2025-07-09 23:36:04.464 15113-15113 ViewRootIm...w:2e0419f] utfpr.edu.br.pm46sturismo            D  hardware acceleration = true, sRendererEnabled = true, forceHwAccelerated = false
2025-07-09 23:36:04.487 15113-15113 BufferQueueConsumer     utfpr.edu.br.pm46sturismo            I  [](id:3b090000001d,api:0,p:-1,c:15113) connect: controlledByApp=false
2025-07-09 23:36:04.488 15113-15113 BLASTBufferQueue        utfpr.edu.br.pm46sturismo            I  [ViewRootImpl[PopupWindow:2e0419f]#28] constructor()
2025-07-09 23:36:04.489 15113-17713 BufferQueueProducer     utfpr.edu.br.pm46sturismo            I  [ViewRootImpl[PopupWindow:2e0419f]#28(BLAST Consumer)28](id:3b090000001d,api:1,p:15113,c:15113) connect: api=1 producerControlledByApp=true
2025-07-09 23:36:04.523 15113-17713 BufferQueueProducer     utfpr.edu.br.pm46sturismo            I  [ViewRootImpl[PopupWindow:c90582f]#27(BLAST Consumer)27](id:3b090000001c,api:1,p:15113,c:15113) disconnect: api 1
2025-07-09 23:36:04.523 15113-15113 View                    utfpr.edu.br.pm46sturismo            D  [Warning] assignParent to null: this = android.widget.PopupWindow$PopupDecorView{794e47 V.E...... R.....I. 0,0-120,120}
2025-07-09 23:36:04.524 15113-15113 BLASTBufferQueue        utfpr.edu.br.pm46sturismo            I  [ViewRootImpl[PopupWindow:c90582f]#27] destructor()
2025-07-09 23:36:04.524 15113-15113 BufferQueueConsumer     utfpr.edu.br.pm46sturismo            I  [ViewRootImpl[PopupWindow:c90582f]#27(BLAST Consumer)27](id:3b090000001c,api:0,p:-1,c:15113) disconnect
2025-07-09 23:36:04.533 15113-15113 ViewRootIm...oActivity] utfpr.edu.br.pm46sturismo            V  [ANR Warning]Input routeing takes more than 6000ms since 2025-07-09 23:34:39.821, this = com.mediatek.view.impl.ViewDebugManagerImpl@c0d988b
2025-07-09 23:36:04.533 15113-15113 ViewRootIm...oActivity] utfpr.edu.br.pm46sturismo            V  Input event delivered to android.view.ViewRootImpl$SyntheticInputStage@b80e487 at 2025-07-09 23:36:04.532
2025-07-09 23:36:04.533 15113-15113 ViewRootIm...oActivity] utfpr.edu.br.pm46sturismo            V  Input event delivered to android.view.ViewRootImpl$NativePostImeInputStage@3a0db08 at 2025-07-09 23:36:04.520
2025-07-09 23:36:04.533 15113-15113 ViewRootIm...oActivity] utfpr.edu.br.pm46sturismo            V  Input event delivered to android.view.ViewRootImpl$ViewPostImeInputStage@e69e2a1 at 2025-07-09 23:36:04.520
2025-07-09 23:36:04.533 15113-15113 ViewRootIm...oActivity] utfpr.edu.br.pm46sturismo            V  Input event delivered to android.view.ViewRootImpl$EarlyPostImeInputStage@cc668ab at 2025-07-09 23:36:04.520
2025-07-09 23:36:04.535 15113-15113 ViewRootIm...oActivity] utfpr.edu.br.pm46sturismo            V  [ANR Warning]Input routeing takes more than 6000ms since 2025-07-09 23:34:39.821, this = com.mediatek.view.impl.ViewDebugManagerImpl@c0d988b
2025-07-09 23:36:04.535 15113-15113 ViewRootIm...oActivity] utfpr.edu.br.pm46sturismo            V  Input event delivered to android.view.ViewRootImpl$SyntheticInputStage@b80e487 at 2025-07-09 23:36:04.534
2025-07-09 23:36:04.535 15113-15113 ViewRootIm...oActivity] utfpr.edu.br.pm46sturismo            V  Input event delivered to android.view.ViewRootImpl$NativePostImeInputStage@3a0db08 at 2025-07-09 23:36:04.534
2025-07-09 23:36:04.535 15113-15113 ViewRootIm...oActivity] utfpr.edu.br.pm46sturismo            V  Input event delivered to android.view.ViewRootImpl$ViewPostImeInputStage@e69e2a1 at 2025-07-09 23:36:04.534
2025-07-09 23:36:04.535 15113-15113 ViewRootIm...oActivity] utfpr.edu.br.pm46sturismo            V  Input event delivered to android.view.ViewRootImpl$EarlyPostImeInputStage@cc668ab at 2025-07-09 23:36:04.534
2025-07-09 23:36:04.542 15113-18222 BLASTBufferQueue        utfpr.edu.br.pm46sturismo            E  [ViewRootImpl[PopupWindow:2e0419f]#28](f:0,a:4) isEGL=1, mPendingRelease.size()=1, mMaxAcquiredBuffers=5, currentMaxAcquiredBufferCount=2
2025-07-09 23:36:04.558 15113-18222 BLASTBufferQueue        utfpr.edu.br.pm46sturismo            E  [ViewRootImpl[PopupWindow:2e0419f]#28](f:0,a:5) isEGL=1, mPendingRelease.size()=2, mMaxAcquiredBuffers=5, currentMaxAcquiredBufferCount=2
2025-07-09 23:36:04.575 15113-18222 BLASTBufferQueue        utfpr.edu.br.pm46sturismo            E  [ViewRootImpl[PopupWindow:2e0419f]#28](f:0,a:6) isEGL=1, mPendingRelease.size()=3, mMaxAcquiredBuffers=5, currentMaxAcquiredBufferCount=2
2025-07-09 23:36:04.630 15113-15113 androidtc               utfpr.edu.br.pm46sturismo            W  TextClassifier called on main thread
2025-07-09 23:36:04.631 15113-15113 androidtc               utfpr.edu.br.pm46sturismo            W  TextClassifier called on main thread
2025-07-09 23:36:04.703 15113-17808 BLASTBufferQueue        utfpr.edu.br.pm46sturismo            I  releaseBufferCallbackThunk bufferId:64909840744638 framenumber:2 blastBufferQueue is dead
2025-07-09 23:36:04.713 15113-15113 ViewRootIm...oActivity] utfpr.edu.br.pm46sturismo            V  [ANR Warning]Input routeing takes more than 6000ms since 2025-07-09 23:34:39.821, this = com.mediatek.view.impl.ViewDebugManagerImpl@c0d988b
2025-07-09 23:36:04.713 15113-15113 ViewRootIm...oActivity] utfpr.edu.br.pm46sturismo            V  Input event delivered to android.view.ViewRootImpl$SyntheticInputStage@b80e487 at 2025-07-09 23:36:04.712
2025-07-09 23:36:04.713 15113-15113 ViewRootIm...oActivity] utfpr.edu.br.pm46sturismo            V  Input event delivered to android.view.ViewRootImpl$NativePostImeInputStage@3a0db08 at 2025-07-09 23:36:04.708
2025-07-09 23:36:04.713 15113-15113 ViewRootIm...oActivity] utfpr.edu.br.pm46sturismo            V  Input event delivered to android.view.ViewRootImpl$ViewPostImeInputStage@e69e2a1 at 2025-07-09 23:36:04.708
2025-07-09 23:36:04.713 15113-15113 ViewRootIm...oActivity] utfpr.edu.br.pm46sturismo            V  Input event delivered to android.view.ViewRootImpl$EarlyPostImeInputStage@cc668ab at 2025-07-09 23:36:04.708
2025-07-09 23:36:04.714 15113-15113 ViewRootIm...oActivity] utfpr.edu.br.pm46sturismo            V  [ANR Warning]Input routeing takes more than 6000ms since 2025-07-09 23:34:39.821, this = com.mediatek.view.impl.ViewDebugManagerImpl@c0d988b
2025-07-09 23:36:04.714 15113-15113 ViewRootIm...oActivity] utfpr.edu.br.pm46sturismo            V  Input event delivered to android.view.ViewRootImpl$SyntheticInputStage@b80e487 at 2025-07-09 23:36:04.713
2025-07-09 23:36:04.714 15113-15113 ViewRootIm...oActivity] utfpr.edu.br.pm46sturismo            V  Input event delivered to android.view.ViewRootImpl$NativePostImeInputStage@3a0db08 at 2025-07-09 23:36:04.713
2025-07-09 23:36:04.714 15113-15113 ViewRootIm...oActivity] utfpr.edu.br.pm46sturismo            V  Input event delivered to android.view.ViewRootImpl$ViewPostImeInputStage@e69e2a1 at 2025-07-09 23:36:04.713
2025-07-09 23:36:04.714 15113-15113 ViewRootIm...oActivity] utfpr.edu.br.pm46sturismo            V  Input event delivered to android.view.ViewRootImpl$EarlyPostImeInputStage@cc668ab at 2025-07-09 23:36:04.713
2025-07-09 23:36:04.783 15113-17713 BufferQueueProducer     utfpr.edu.br.pm46sturismo            I  [ViewRootImpl[PopupWindow:2e0419f]#28(BLAST Consumer)28](id:3b090000001d,api:1,p:15113,c:15113) disconnect: api 1
2025-07-09 23:36:04.784 15113-15113 View                    utfpr.edu.br.pm46sturismo            D  [Warning] assignParent to null: this = android.widget.PopupWindow$PopupDecorView{b6a2674 V.E...... R......D 0,0-763,606}
2025-07-09 23:36:04.792 15113-17808 BLASTBufferQueue        utfpr.edu.br.pm46sturismo            I  [ViewRootImpl[PopupWindow:2e0419f]#28] destructor()
2025-07-09 23:36:04.792 15113-17808 BufferQueueConsumer     utfpr.edu.br.pm46sturismo            I  [ViewRootImpl[PopupWindow:2e0419f]#28(BLAST Consumer)28](id:3b090000001d,api:0,p:-1,c:15113) disconnect
2025-07-09 23:36:04.802 15113-17808 BLASTBufferQueue        utfpr.edu.br.pm46sturismo            I  releaseBufferCallbackThunk bufferId:64909840744652 framenumber:15 blastBufferQueue is dead
2025-07-09 23:36:04.838 15113-15113 ViewRootIm...oActivity] utfpr.edu.br.pm46sturismo            V  [ANR Warning]Input routeing takes more than 6000ms since 2025-07-09 23:34:39.821, this = com.mediatek.view.impl.ViewDebugManagerImpl@c0d988b
2025-07-09 23:36:04.839 15113-15113 ViewRootIm...oActivity] utfpr.edu.br.pm46sturismo            V  Input event delivered to android.view.ViewRootImpl$SyntheticInputStage@b80e487 at 2025-07-09 23:36:04.838
2025-07-09 23:36:04.839 15113-15113 ViewRootIm...oActivity] utfpr.edu.br.pm46sturismo            V  Input event delivered to android.view.ViewRootImpl$NativePostImeInputStage@3a0db08 at 2025-07-09 23:36:04.834
2025-07-09 23:36:04.839 15113-15113 ViewRootIm...oActivity] utfpr.edu.br.pm46sturismo            V  Input event delivered to android.view.ViewRootImpl$ViewPostImeInputStage@e69e2a1 at 2025-07-09 23:36:04.834
2025-07-09 23:36:04.839 15113-15113 ViewRootIm...oActivity] utfpr.edu.br.pm46sturismo            V  Input event delivered to android.view.ViewRootImpl$EarlyPostImeInputStage@cc668ab at 2025-07-09 23:36:04.834
2025-07-09 23:36:04.840 15113-15113 ViewRootIm...oActivity] utfpr.edu.br.pm46sturismo            V  [ANR Warning]Input routeing takes more than 6000ms since 2025-07-09 23:34:39.821, this = com.mediatek.view.impl.ViewDebugManagerImpl@c0d988b
2025-07-09 23:36:04.841 15113-15113 ViewRootIm...oActivity] utfpr.edu.br.pm46sturismo            V  Input event delivered to android.view.ViewRootImpl$SyntheticInputStage@b80e487 at 2025-07-09 23:36:04.840
2025-07-09 23:36:04.841 15113-15113 ViewRootIm...oActivity] utfpr.edu.br.pm46sturismo            V  Input event delivered to android.view.ViewRootImpl$NativePostImeInputStage@3a0db08 at 2025-07-09 23:36:04.840
2025-07-09 23:36:04.841 15113-15113 ViewRootIm...oActivity] utfpr.edu.br.pm46sturismo            V  Input event delivered to android.view.ViewRootImpl$ViewPostImeInputStage@e69e2a1 at 2025-07-09 23:36:04.840
2025-07-09 23:36:04.841 15113-15113 ViewRootIm...oActivity] utfpr.edu.br.pm46sturismo            V  Input event delivered to android.view.ViewRootImpl$EarlyPostImeInputStage@cc668ab at 2025-07-09 23:36:04.840
2025-07-09 23:36:04.962 15113-15113 ViewRootIm...oActivity] utfpr.edu.br.pm46sturismo            V  [ANR Warning]Input routeing takes more than 6000ms since 2025-07-09 23:34:39.821, this = com.mediatek.view.impl.ViewDebugManagerImpl@c0d988b
2025-07-09 23:36:04.962 15113-15113 ViewRootIm...oActivity] utfpr.edu.br.pm46sturismo            V  Input event delivered to android.view.ViewRootImpl$SyntheticInputStage@b80e487 at 2025-07-09 23:36:04.962
2025-07-09 23:36:04.962 15113-15113 ViewRootIm...oActivity] utfpr.edu.br.pm46sturismo            V  Input event delivered to android.view.ViewRootImpl$NativePostImeInputStage@3a0db08 at 2025-07-09 23:36:04.959
2025-07-09 23:36:04.962 15113-15113 ViewRootIm...oActivity] utfpr.edu.br.pm46sturismo            V  Input event delivered to android.view.ViewRootImpl$ViewPostImeInputStage@e69e2a1 at 2025-07-09 23:36:04.959
2025-07-09 23:36:04.962 15113-15113 ViewRootIm...oActivity] utfpr.edu.br.pm46sturismo            V  Input event delivered to android.view.ViewRootImpl$EarlyPostImeInputStage@cc668ab at 2025-07-09 23:36:04.959
2025-07-09 23:36:04.962 15113-15113 ViewRootIm...oActivity] utfpr.edu.br.pm46sturismo            V  [ANR Warning]Input routeing takes more than 6000ms since 2025-07-09 23:34:39.821, this = com.mediatek.view.impl.ViewDebugManagerImpl@c0d988b
2025-07-09 23:36:04.962 15113-15113 ViewRootIm...oActivity] utfpr.edu.br.pm46sturismo            V  Input event delivered to android.view.ViewRootImpl$SyntheticInputStage@b80e487 at 2025-07-09 23:36:04.962
2025-07-09 23:36:04.963 15113-15113 ViewRootIm...oActivity] utfpr.edu.br.pm46sturismo            V  Input event delivered to android.view.ViewRootImpl$NativePostImeInputStage@3a0db08 at 2025-07-09 23:36:04.962
2025-07-09 23:36:04.963 15113-15113 ViewRootIm...oActivity] utfpr.edu.br.pm46sturismo            V  Input event delivered to android.view.ViewRootImpl$ViewPostImeInputStage@e69e2a1 at 2025-07-09 23:36:04.962
2025-07-09 23:36:04.963 15113-15113 ViewRootIm...oActivity] utfpr.edu.br.pm46sturismo            V  Input event delivered to android.view.ViewRootImpl$EarlyPostImeInputStage@cc668ab at 2025-07-09 23:36:04.962
2025-07-09 23:36:05.122 15113-15113 ViewRootIm...oActivity] utfpr.edu.br.pm46sturismo            V  [ANR Warning]Input routeing takes more than 6000ms since 2025-07-09 23:34:39.821, this = com.mediatek.view.impl.ViewDebugManagerImpl@c0d988b
2025-07-09 23:36:05.122 15113-15113 ViewRootIm...oActivity] utfpr.edu.br.pm46sturismo            V  Input event delivered to android.view.ViewRootImpl$SyntheticInputStage@b80e487 at 2025-07-09 23:36:05.122
2025-07-09 23:36:05.122 15113-15113 ViewRootIm...oActivity] utfpr.edu.br.pm46sturismo            V  Input event delivered to android.view.ViewRootImpl$NativePostImeInputStage@3a0db08 at 2025-07-09 23:36:05.118
2025-07-09 23:36:05.122 15113-15113 ViewRootIm...oActivity] utfpr.edu.br.pm46sturismo            V  Input event delivered to android.view.ViewRootImpl$ViewPostImeInputStage@e69e2a1 at 2025-07-09 23:36:05.118
2025-07-09 23:36:05.122 15113-15113 ViewRootIm...oActivity] utfpr.edu.br.pm46sturismo            V  Input event delivered to android.view.ViewRootImpl$EarlyPostImeInputStage@cc668ab at 2025-07-09 23:36:05.118
2025-07-09 23:36:05.123 15113-15113 ViewRootIm...oActivity] utfpr.edu.br.pm46sturismo            V  [ANR Warning]Input routeing takes more than 6000ms since 2025-07-09 23:34:39.821, this = com.mediatek.view.impl.ViewDebugManagerImpl@c0d988b
2025-07-09 23:36:05.123 15113-15113 ViewRootIm...oActivity] utfpr.edu.br.pm46sturismo            V  Input event delivered to android.view.ViewRootImpl$SyntheticInputStage@b80e487 at 2025-07-09 23:36:05.123
2025-07-09 23:36:05.123 15113-15113 ViewRootIm...oActivity] utfpr.edu.br.pm46sturismo            V  Input event delivered to android.view.ViewRootImpl$NativePostImeInputStage@3a0db08 at 2025-07-09 23:36:05.123
2025-07-09 23:36:05.123 15113-15113 ViewRootIm...oActivity] utfpr.edu.br.pm46sturismo            V  Input event delivered to android.view.ViewRootImpl$ViewPostImeInputStage@e69e2a1 at 2025-07-09 23:36:05.123
2025-07-09 23:36:05.123 15113-15113 ViewRootIm...oActivity] utfpr.edu.br.pm46sturismo            V  Input event delivered to android.view.ViewRootImpl$EarlyPostImeInputStage@cc668ab at 2025-07-09 23:36:05.123
2025-07-09 23:36:05.255 15113-15113 ViewRootIm...oActivity] utfpr.edu.br.pm46sturismo            V  [ANR Warning]Input routeing takes more than 6000ms since 2025-07-09 23:34:39.821, this = com.mediatek.view.impl.ViewDebugManagerImpl@c0d988b
2025-07-09 23:36:05.255 15113-15113 ViewRootIm...oActivity] utfpr.edu.br.pm46sturismo            V  Input event delivered to android.view.ViewRootImpl$SyntheticInputStage@b80e487 at 2025-07-09 23:36:05.255
2025-07-09 23:36:05.255 15113-15113 ViewRootIm...oActivity] utfpr.edu.br.pm46sturismo            V  Input event delivered to android.view.ViewRootImpl$NativePostImeInputStage@3a0db08 at 2025-07-09 23:36:05.252
2025-07-09 23:36:05.255 15113-15113 ViewRootIm...oActivity] utfpr.edu.br.pm46sturismo            V  Input event delivered to android.view.ViewRootImpl$ViewPostImeInputStage@e69e2a1 at 2025-07-09 23:36:05.252
2025-07-09 23:36:05.255 15113-15113 ViewRootIm...oActivity] utfpr.edu.br.pm46sturismo            V  Input event delivered to android.view.ViewRootImpl$EarlyPostImeInputStage@cc668ab at 2025-07-09 23:36:05.252
2025-07-09 23:36:05.256 15113-15113 ViewRootIm...oActivity] utfpr.edu.br.pm46sturismo            V  [ANR Warning]Input routeing takes more than 6000ms since 2025-07-09 23:34:39.821, this = com.mediatek.view.impl.ViewDebugManagerImpl@c0d988b
2025-07-09 23:36:05.256 15113-15113 ViewRootIm...oActivity] utfpr.edu.br.pm46sturismo            V  Input event delivered to android.view.ViewRootImpl$SyntheticInputStage@b80e487 at 2025-07-09 23:36:05.255
2025-07-09 23:36:05.256 15113-15113 ViewRootIm...oActivity] utfpr.edu.br.pm46sturismo            V  Input event delivered to android.view.ViewRootImpl$NativePostImeInputStage@3a0db08 at 2025-07-09 23:36:05.255
2025-07-09 23:36:05.256 15113-15113 ViewRootIm...oActivity] utfpr.edu.br.pm46sturismo            V  Input event delivered to android.view.ViewRootImpl$ViewPostImeInputStage@e69e2a1 at 2025-07-09 23:36:05.255
2025-07-09 23:36:05.256 15113-15113 ViewRootIm...oActivity] utfpr.edu.br.pm46sturismo            V  Input event delivered to android.view.ViewRootImpl$EarlyPostImeInputStage@cc668ab at 2025-07-09 23:36:05.255
2025-07-09 23:36:05.391 15113-15113 ViewRootIm...oActivity] utfpr.edu.br.pm46sturismo            V  [ANR Warning]Input routeing takes more than 6000ms since 2025-07-09 23:34:39.821, this = com.mediatek.view.impl.ViewDebugManagerImpl@c0d988b
2025-07-09 23:36:05.391 15113-15113 ViewRootIm...oActivity] utfpr.edu.br.pm46sturismo            V  Input event delivered to android.view.ViewRootImpl$SyntheticInputStage@b80e487 at 2025-07-09 23:36:05.390
2025-07-09 23:36:05.391 15113-15113 ViewRootIm...oActivity] utfpr.edu.br.pm46sturismo            V  Input event delivered to android.view.ViewRootImpl$NativePostImeInputStage@3a0db08 at 2025-07-09 23:36:05.387
2025-07-09 23:36:05.391 15113-15113 ViewRootIm...oActivity] utfpr.edu.br.pm46sturismo            V  Input event delivered to android.view.ViewRootImpl$ViewPostImeInputStage@e69e2a1 at 2025-07-09 23:36:05.387
2025-07-09 23:36:05.391 15113-15113 ViewRootIm...oActivity] utfpr.edu.br.pm46sturismo            V  Input event delivered to android.view.ViewRootImpl$EarlyPostImeInputStage@cc668ab at 2025-07-09 23:36:05.387
2025-07-09 23:36:05.392 15113-15113 ViewRootIm...oActivity] utfpr.edu.br.pm46sturismo            V  [ANR Warning]Input routeing takes more than 6000ms since 2025-07-09 23:34:39.821, this = com.mediatek.view.impl.ViewDebugManagerImpl@c0d988b
2025-07-09 23:36:05.392 15113-15113 ViewRootIm...oActivity] utfpr.edu.br.pm46sturismo            V  Input event delivered to android.view.ViewRootImpl$SyntheticInputStage@b80e487 at 2025-07-09 23:36:05.391
2025-07-09 23:36:05.392 15113-15113 ViewRootIm...oActivity] utfpr.edu.br.pm46sturismo            V  Input event delivered to android.view.ViewRootImpl$NativePostImeInputStage@3a0db08 at 2025-07-09 23:36:05.391
2025-07-09 23:36:05.392 15113-15113 ViewRootIm...oActivity] utfpr.edu.br.pm46sturismo            V  Input event delivered to android.view.ViewRootImpl$ViewPostImeInputStage@e69e2a1 at 2025-07-09 23:36:05.391
2025-07-09 23:36:05.392 15113-15113 ViewRootIm...oActivity] utfpr.edu.br.pm46sturismo            V  Input event delivered to android.view.ViewRootImpl$EarlyPostImeInputStage@cc668ab at 2025-07-09 23:36:05.391
2025-07-09 23:36:05.541 15113-15113 ViewRootIm...oActivity] utfpr.edu.br.pm46sturismo            V  [ANR Warning]Input routeing takes more than 6000ms since 2025-07-09 23:34:39.821, this = com.mediatek.view.impl.ViewDebugManagerImpl@c0d988b
2025-07-09 23:36:05.541 15113-15113 ViewRootIm...oActivity] utfpr.edu.br.pm46sturismo            V  Input event delivered to android.view.ViewRootImpl$SyntheticInputStage@b80e487 at 2025-07-09 23:36:05.540
2025-07-09 23:36:05.541 15113-15113 ViewRootIm...oActivity] utfpr.edu.br.pm46sturismo            V  Input event delivered to android.view.ViewRootImpl$NativePostImeInputStage@3a0db08 at 2025-07-09 23:36:05.537
2025-07-09 23:36:05.541 15113-15113 ViewRootIm...oActivity] utfpr.edu.br.pm46sturismo            V  Input event delivered to android.view.ViewRootImpl$ViewPostImeInputStage@e69e2a1 at 2025-07-09 23:36:05.537
2025-07-09 23:36:05.541 15113-15113 ViewRootIm...oActivity] utfpr.edu.br.pm46sturismo            V  Input event delivered to android.view.ViewRootImpl$EarlyPostImeInputStage@cc668ab at 2025-07-09 23:36:05.537
2025-07-09 23:36:05.542 15113-15113 ViewRootIm...oActivity] utfpr.edu.br.pm46sturismo            V  [ANR Warning]Input routeing takes more than 6000ms since 2025-07-09 23:34:39.821, this = com.mediatek.view.impl.ViewDebugManagerImpl@c0d988b
2025-07-09 23:36:05.542 15113-15113 ViewRootIm...oActivity] utfpr.edu.br.pm46sturismo            V  Input event delivered to android.view.ViewRootImpl$SyntheticInputStage@b80e487 at 2025-07-09 23:36:05.541
2025-07-09 23:36:05.542 15113-15113 ViewRootIm...oActivity] utfpr.edu.br.pm46sturismo            V  Input event delivered to android.view.ViewRootImpl$NativePostImeInputStage@3a0db08 at 2025-07-09 23:36:05.541
2025-07-09 23:36:05.542 15113-15113 ViewRootIm...oActivity] utfpr.edu.br.pm46sturismo            V  Input event delivered to android.view.ViewRootImpl$ViewPostImeInputStage@e69e2a1 at 2025-07-09 23:36:05.541
2025-07-09 23:36:05.542 15113-15113 ViewRootIm...oActivity] utfpr.edu.br.pm46sturismo            V  Input event delivered to android.view.ViewRootImpl$EarlyPostImeInputStage@cc668ab at 2025-07-09 23:36:05.541
2025-07-09 23:36:05.682 15113-15113 ViewRootIm...oActivity] utfpr.edu.br.pm46sturismo            V  [ANR Warning]Input routeing takes more than 6000ms since 2025-07-09 23:34:39.821, this = com.mediatek.view.impl.ViewDebugManagerImpl@c0d988b
2025-07-09 23:36:05.682 15113-15113 ViewRootIm...oActivity] utfpr.edu.br.pm46sturismo            V  Input event delivered to android.view.ViewRootImpl$SyntheticInputStage@b80e487 at 2025-07-09 23:36:05.682
2025-07-09 23:36:05.682 15113-15113 ViewRootIm...oActivity] utfpr.edu.br.pm46sturismo            V  Input event delivered to android.view.ViewRootImpl$NativePostImeInputStage@3a0db08 at 2025-07-09 23:36:05.679
2025-07-09 23:36:05.683 15113-15113 ViewRootIm...oActivity] utfpr.edu.br.pm46sturismo            V  Input event delivered to android.view.ViewRootImpl$ViewPostImeInputStage@e69e2a1 at 2025-07-09 23:36:05.679
2025-07-09 23:36:05.683 15113-15113 ViewRootIm...oActivity] utfpr.edu.br.pm46sturismo            V  Input event delivered to android.view.ViewRootImpl$EarlyPostImeInputStage@cc668ab at 2025-07-09 23:36:05.679
2025-07-09 23:36:05.683 15113-15113 ViewRootIm...oActivity] utfpr.edu.br.pm46sturismo            V  [ANR Warning]Input routeing takes more than 6000ms since 2025-07-09 23:34:39.821, this = com.mediatek.view.impl.ViewDebugManagerImpl@c0d988b
2025-07-09 23:36:05.683 15113-15113 ViewRootIm...oActivity] utfpr.edu.br.pm46sturismo            V  Input event delivered to android.view.ViewRootImpl$SyntheticInputStage@b80e487 at 2025-07-09 23:36:05.683
2025-07-09 23:36:05.684 15113-15113 ViewRootIm...oActivity] utfpr.edu.br.pm46sturismo            V  Input event delivered to android.view.ViewRootImpl$NativePostImeInputStage@3a0db08 at 2025-07-09 23:36:05.683
2025-07-09 23:36:05.684 15113-15113 ViewRootIm...oActivity] utfpr.edu.br.pm46sturismo            V  Input event delivered to android.view.ViewRootImpl$ViewPostImeInputStage@e69e2a1 at 2025-07-09 23:36:05.683
2025-07-09 23:36:05.684 15113-15113 ViewRootIm...oActivity] utfpr.edu.br.pm46sturismo            V  Input event delivered to android.view.ViewRootImpl$EarlyPostImeInputStage@cc668ab at 2025-07-09 23:36:05.683
2025-07-09 23:36:05.822 15113-15113 ViewRootIm...oActivity] utfpr.edu.br.pm46sturismo            V  [ANR Warning]Input routeing takes more than 6000ms since 2025-07-09 23:34:39.821, this = com.mediatek.view.impl.ViewDebugManagerImpl@c0d988b
2025-07-09 23:36:05.822 15113-15113 ViewRootIm...oActivity] utfpr.edu.br.pm46sturismo            V  Input event delivered to android.view.ViewRootImpl$SyntheticInputStage@b80e487 at 2025-07-09 23:36:05.822
2025-07-09 23:36:05.822 15113-15113 ViewRootIm...oActivity] utfpr.edu.br.pm46sturismo            V  Input event delivered to android.view.ViewRootImpl$NativePostImeInputStage@3a0db08 at 2025-07-09 23:36:05.821
2025-07-09 23:36:05.822 15113-15113 ViewRootIm...oActivity] utfpr.edu.br.pm46sturismo            V  Input event delivered to android.view.ViewRootImpl$ViewPostImeInputStage@e69e2a1 at 2025-07-09 23:36:05.821
2025-07-09 23:36:05.822 15113-15113 ViewRootIm...oActivity] utfpr.edu.br.pm46sturismo            V  Input event delivered to android.view.ViewRootImpl$EarlyPostImeInputStage@cc668ab at 2025-07-09 23:36:05.821
2025-07-09 23:36:05.823 15113-15113 ViewRootIm...oActivity] utfpr.edu.br.pm46sturismo            V  [ANR Warning]Input routeing takes more than 6000ms since 2025-07-09 23:34:39.821, this = com.mediatek.view.impl.ViewDebugManagerImpl@c0d988b
2025-07-09 23:36:05.823 15113-15113 ViewRootIm...oActivity] utfpr.edu.br.pm46sturismo            V  Input event delivered to android.view.ViewRootImpl$SyntheticInputStage@b80e487 at 2025-07-09 23:36:05.823
2025-07-09 23:36:05.823 15113-15113 ViewRootIm...oActivity] utfpr.edu.br.pm46sturismo            V  Input event delivered to android.view.ViewRootImpl$NativePostImeInputStage@3a0db08 at 2025-07-09 23:36:05.823
2025-07-09 23:36:05.823 15113-15113 ViewRootIm...oActivity] utfpr.edu.br.pm46sturismo            V  Input event delivered to android.view.ViewRootImpl$ViewPostImeInputStage@e69e2a1 at 2025-07-09 23:36:05.823
2025-07-09 23:36:05.823 15113-15113 ViewRootIm...oActivity] utfpr.edu.br.pm46sturismo            V  Input event delivered to android.view.ViewRootImpl$EarlyPostImeInputStage@cc668ab at 2025-07-09 23:36:05.823
2025-07-09 23:36:05.975 15113-15113 ViewRootIm...oActivity] utfpr.edu.br.pm46sturismo            V  [ANR Warning]Input routeing takes more than 6000ms since 2025-07-09 23:34:39.821, this = com.mediatek.view.impl.ViewDebugManagerImpl@c0d988b
2025-07-09 23:36:05.975 15113-15113 ViewRootIm...oActivity] utfpr.edu.br.pm46sturismo            V  Input event delivered to android.view.ViewRootImpl$SyntheticInputStage@b80e487 at 2025-07-09 23:36:05.974
2025-07-09 23:36:05.975 15113-15113 ViewRootIm...oActivity] utfpr.edu.br.pm46sturismo            V  Input event delivered to android.view.ViewRootImpl$NativePostImeInputStage@3a0db08 at 2025-07-09 23:36:05.971
2025-07-09 23:36:05.975 15113-15113 ViewRootIm...oActivity] utfpr.edu.br.pm46sturismo            V  Input event delivered to android.view.ViewRootImpl$ViewPostImeInputStage@e69e2a1 at 2025-07-09 23:36:05.971
2025-07-09 23:36:05.975 15113-15113 ViewRootIm...oActivity] utfpr.edu.br.pm46sturismo            V  Input event delivered to android.view.ViewRootImpl$EarlyPostImeInputStage@cc668ab at 2025-07-09 23:36:05.971
2025-07-09 23:36:05.976 15113-15113 ViewRootIm...oActivity] utfpr.edu.br.pm46sturismo            V  [ANR Warning]Input routeing takes more than 6000ms since 2025-07-09 23:34:39.821, this = com.mediatek.view.impl.ViewDebugManagerImpl@c0d988b
2025-07-09 23:36:05.976 15113-15113 ViewRootIm...oActivity] utfpr.edu.br.pm46sturismo            V  Input event delivered to android.view.ViewRootImpl$SyntheticInputStage@b80e487 at 2025-07-09 23:36:05.976
2025-07-09 23:36:05.976 15113-15113 ViewRootIm...oActivity] utfpr.edu.br.pm46sturismo            V  Input event delivered to android.view.ViewRootImpl$NativePostImeInputStage@3a0db08 at 2025-07-09 23:36:05.975
2025-07-09 23:36:05.976 15113-15113 ViewRootIm...oActivity] utfpr.edu.br.pm46sturismo            V  Input event delivered to android.view.ViewRootImpl$ViewPostImeInputStage@e69e2a1 at 2025-07-09 23:36:05.975
2025-07-09 23:36:05.976 15113-15113 ViewRootIm...oActivity] utfpr.edu.br.pm46sturismo            V  Input event delivered to android.view.ViewRootImpl$EarlyPostImeInputStage@cc668ab at 2025-07-09 23:36:05.975
