2025-07-09 23:35:23.117 15113-15113 BufferQueueConsumer     utfpr.edu.br.pm46sturismo            I  [](id:3b0900000011,api:0,p:-1,c:15113) connect: controlledByApp=false
2025-07-09 23:35:23.117 15113-15113 BLASTBufferQueue        utfpr.edu.br.pm46sturismo            I  [ViewRootImpl[CadastroPontoActivity]#16] constructor()
2025-07-09 23:35:23.121 15113-17713 BufferQueueProducer     utfpr.edu.br.pm46sturismo            I  [ViewRootImpl[CadastroPontoActivity]#16(BLAST Consumer)16](id:3b0900000011,api:1,p:15113,c:15113) connect: api=1 producerControlledByApp=true
2025-07-09 23:35:23.224 15113-18222 BLASTBufferQueue        utfpr.edu.br.pm46sturismo            E  [ViewRootImpl[CadastroPontoActivity]#16](f:0,a:5) isEGL=1, mPendingRelease.size()=1, mMaxAcquiredBuffers=5, currentMaxAcquiredBufferCount=2
2025-07-09 23:35:23.232 15113-18222 BLASTBufferQueue        utfpr.edu.br.pm46sturismo            E  [ViewRootImpl[CadastroPontoActivity]#16](f:0,a:6) isEGL=1, mPendingRelease.size()=2, mMaxAcquiredBuffers=5, currentMaxAcquiredBufferCount=2
2025-07-09 23:35:23.240 15113-18222 BLASTBufferQueue        utfpr.edu.br.pm46sturismo            E  [ViewRootImpl[CadastroPontoActivity]#16](f:0,a:7) isEGL=1, mPendingRelease.size()=3, mMaxAcquiredBuffers=5, currentMaxAcquiredBufferCount=2
2025-07-09 23:35:23.286 15113-15113 InsetsController        utfpr.edu.br.pm46sturismo            D  show(ime(), fromIme=true)
2025-07-09 23:35:23.287 15113-17763 DEBUG_NAV_...onCtrlImpl utfpr.edu.br.pm46sturismo            I  setInsetsAndAlpha-insets:Insets{left=0, top=0, right=0, bottom=940}   /alpha:1.0   /fraction:1.0   /allowWhenFinished:true
2025-07-09 23:35:23.288 15113-17763 DEBUG_NAV_...readRunner utfpr.edu.br.pm46sturismo            D  applySurfaceParams:1
2025-07-09 23:35:23.288 15113-17763 DEBUG_NAV_...readRunner utfpr.edu.br.pm46sturismo            I  printSurfaceParams: FLAG_MATRIX:Matrix{[1.0, 0.0, 0.0][0.0, 1.0, 108.0][0.0, 0.0, 1.0]} FLAG_ALPHA:1.0 FLAG_VISIBILITY:true
2025-07-09 23:35:23.297 15113-18222 OpenGLRenderer          utfpr.edu.br.pm46sturismo            E  JankTracker::calculateLegacyJank expectedDequeueDuration > 0 expectedDequeueDuration=5313660, DequeueBufferDuration=3609539, forgiveAmount=3609539, totalDuration=3954366
2025-07-09 23:35:23.331 15113-18222 OpenGLRenderer          utfpr.edu.br.pm46sturismo            E  JankTracker::calculateLegacyJank expectedDequeueDuration > 0 expectedDequeueDuration=5326687, DequeueBufferDuration=1973231, forgiveAmount=1973231, totalDuration=4344340
2025-07-09 23:35:23.362 15113-18222 OpenGLRenderer          utfpr.edu.br.pm46sturismo            E  JankTracker::calculateLegacyJank expectedDequeueDuration > 0 expectedDequeueDuration=6058790, DequeueBufferDuration=2027923, forgiveAmount=2027923, totalDuration=4290083
2025-07-09 23:35:24.631 15113-15113 InputMethodManager      utfpr.edu.br.pm46sturismo            D  showSoftInput() view=androidx.appcompat.widget.AppCompatEditText{4825595 VFED..CL. .F.P..ID 48,1037-1032,1173 #7f0800c1 app:id/editarDescricao aid=1073741825} flags=0 reason=SHOW_SOFT_INPUT
2025-07-09 23:35:24.634 15113-15113 IInputConnectionWrapper utfpr.edu.br.pm46sturismo            W  requestCursorAnchorInfo on inactive InputConnection
2025-07-09 23:35:24.658 15113-15113 InsetsController        utfpr.edu.br.pm46sturismo            D  show(ime(), fromIme=true)
2025-07-09 23:35:24.660 15113-15113 InsetsController        utfpr.edu.br.pm46sturismo            D  show(ime(), fromIme=true)
2025-07-09 23:35:27.521 15113-15113 ViewRootIm...oActivity] utfpr.edu.br.pm46sturismo            V  [ANR Warning]Input routeing takes more than 6000ms since 2025-07-09 23:34:39.821, this = com.mediatek.view.impl.ViewDebugManagerImpl@c0d988b
2025-07-09 23:35:27.521 15113-15113 ViewRootIm...oActivity] utfpr.edu.br.pm46sturismo            V  Input event delivered to android.view.ViewRootImpl$SyntheticInputStage@b80e487 at 2025-07-09 23:35:27.516
2025-07-09 23:35:27.521 15113-15113 ViewRootIm...oActivity] utfpr.edu.br.pm46sturismo            V  Input event delivered to android.view.ViewRootImpl$NativePostImeInputStage@3a0db08 at 2025-07-09 23:35:27.511
2025-07-09 23:35:27.521 15113-15113 ViewRootIm...oActivity] utfpr.edu.br.pm46sturismo            V  Input event delivered to android.view.ViewRootImpl$ViewPostImeInputStage@e69e2a1 at 2025-07-09 23:35:27.511
2025-07-09 23:35:27.521 15113-15113 ViewRootIm...oActivity] utfpr.edu.br.pm46sturismo            V  Input event delivered to android.view.ViewRootImpl$EarlyPostImeInputStage@cc668ab at 2025-07-09 23:35:27.511
2025-07-09 23:35:27.522 15113-15113 ViewRootIm...oActivity] utfpr.edu.br.pm46sturismo            V  [ANR Warning]Input routeing takes more than 6000ms since 2025-07-09 23:34:39.821, this = com.mediatek.view.impl.ViewDebugManagerImpl@c0d988b
2025-07-09 23:35:27.522 15113-15113 ViewRootIm...oActivity] utfpr.edu.br.pm46sturismo            V  Input event delivered to android.view.ViewRootImpl$SyntheticInputStage@b80e487 at 2025-07-09 23:35:27.521
2025-07-09 23:35:27.522 15113-15113 ViewRootIm...oActivity] utfpr.edu.br.pm46sturismo            V  Input event delivered to android.view.ViewRootImpl$NativePostImeInputStage@3a0db08 at 2025-07-09 23:35:27.521
2025-07-09 23:35:27.522 15113-15113 ViewRootIm...oActivity] utfpr.edu.br.pm46sturismo            V  Input event delivered to android.view.ViewRootImpl$ViewPostImeInputStage@e69e2a1 at 2025-07-09 23:35:27.521
2025-07-09 23:35:27.522 15113-15113 ViewRootIm...oActivity] utfpr.edu.br.pm46sturismo            V  Input event delivered to android.view.ViewRootImpl$EarlyPostImeInputStage@cc668ab at 2025-07-09 23:35:27.521
2025-07-09 23:35:32.571 15113-17718 libPerfCtl              utfpr.edu.br.pm46sturismo            I  fbcNotifySbeRescue ret=-1
2025-07-09 23:35:33.266 15113-15113 ViewRootIm...oActivity] utfpr.edu.br.pm46sturismo            V  [ANR Warning]Input routeing takes more than 6000ms since 2025-07-09 23:34:39.821, this = com.mediatek.view.impl.ViewDebugManagerImpl@c0d988b
2025-07-09 23:35:33.266 15113-15113 ViewRootIm...oActivity] utfpr.edu.br.pm46sturismo            V  Input event delivered to android.view.ViewRootImpl$SyntheticInputStage@b80e487 at 2025-07-09 23:35:33.265
2025-07-09 23:35:33.266 15113-15113 ViewRootIm...oActivity] utfpr.edu.br.pm46sturismo            V  Input event delivered to android.view.ViewRootImpl$NativePostImeInputStage@3a0db08 at 2025-07-09 23:35:33.260
2025-07-09 23:35:33.266 15113-15113 ViewRootIm...oActivity] utfpr.edu.br.pm46sturismo            V  Input event delivered to android.view.ViewRootImpl$ViewPostImeInputStage@e69e2a1 at 2025-07-09 23:35:33.260
2025-07-09 23:35:33.266 15113-15113 ViewRootIm...oActivity] utfpr.edu.br.pm46sturismo            V  Input event delivered to android.view.ViewRootImpl$EarlyPostImeInputStage@cc668ab at 2025-07-09 23:35:33.260
2025-07-09 23:35:33.267 15113-15113 ViewRootIm...oActivity] utfpr.edu.br.pm46sturismo            V  [ANR Warning]Input routeing takes more than 6000ms since 2025-07-09 23:34:39.821, this = com.mediatek.view.impl.ViewDebugManagerImpl@c0d988b
2025-07-09 23:35:33.267 15113-15113 ViewRootIm...oActivity] utfpr.edu.br.pm46sturismo            V  Input event delivered to android.view.ViewRootImpl$SyntheticInputStage@b80e487 at 2025-07-09 23:35:33.266
2025-07-09 23:35:33.267 15113-15113 ViewRootIm...oActivity] utfpr.edu.br.pm46sturismo            V  Input event delivered to android.view.ViewRootImpl$NativePostImeInputStage@3a0db08 at 2025-07-09 23:35:33.266
2025-07-09 23:35:33.267 15113-15113 ViewRootIm...oActivity] utfpr.edu.br.pm46sturismo            V  Input event delivered to android.view.ViewRootImpl$ViewPostImeInputStage@e69e2a1 at 2025-07-09 23:35:33.266
2025-07-09 23:35:33.267 15113-15113 ViewRootIm...oActivity] utfpr.edu.br.pm46sturismo            V  Input event delivered to android.view.ViewRootImpl$EarlyPostImeInputStage@cc668ab at 2025-07-09 23:35:33.266
2025-07-09 23:35:33.414 15113-15113 ViewRootIm...oActivity] utfpr.edu.br.pm46sturismo            V  [ANR Warning]Input routeing takes more than 6000ms since 2025-07-09 23:34:39.821, this = com.mediatek.view.impl.ViewDebugManagerImpl@c0d988b
2025-07-09 23:35:33.414 15113-15113 ViewRootIm...oActivity] utfpr.edu.br.pm46sturismo            V  Input event delivered to android.view.ViewRootImpl$SyntheticInputStage@b80e487 at 2025-07-09 23:35:33.414
2025-07-09 23:35:33.414 15113-15113 ViewRootIm...oActivity] utfpr.edu.br.pm46sturismo            V  Input event delivered to android.view.ViewRootImpl$NativePostImeInputStage@3a0db08 at 2025-07-09 23:35:33.410
2025-07-09 23:35:33.415 15113-15113 ViewRootIm...oActivity] utfpr.edu.br.pm46sturismo            V  Input event delivered to android.view.ViewRootImpl$ViewPostImeInputStage@e69e2a1 at 2025-07-09 23:35:33.410
2025-07-09 23:35:33.415 15113-15113 ViewRootIm...oActivity] utfpr.edu.br.pm46sturismo            V  Input event delivered to android.view.ViewRootImpl$EarlyPostImeInputStage@cc668ab at 2025-07-09 23:35:33.410
2025-07-09 23:35:33.415 15113-15113 ViewRootIm...oActivity] utfpr.edu.br.pm46sturismo            V  [ANR Warning]Input routeing takes more than 6000ms since 2025-07-09 23:34:39.821, this = com.mediatek.view.impl.ViewDebugManagerImpl@c0d988b
2025-07-09 23:35:33.415 15113-15113 ViewRootIm...oActivity] utfpr.edu.br.pm46sturismo            V  Input event delivered to android.view.ViewRootImpl$SyntheticInputStage@b80e487 at 2025-07-09 23:35:33.415
2025-07-09 23:35:33.415 15113-15113 ViewRootIm...oActivity] utfpr.edu.br.pm46sturismo            V  Input event delivered to android.view.ViewRootImpl$NativePostImeInputStage@3a0db08 at 2025-07-09 23:35:33.415
2025-07-09 23:35:33.415 15113-15113 ViewRootIm...oActivity] utfpr.edu.br.pm46sturismo            V  Input event delivered to android.view.ViewRootImpl$ViewPostImeInputStage@e69e2a1 at 2025-07-09 23:35:33.415
2025-07-09 23:35:33.415 15113-15113 ViewRootIm...oActivity] utfpr.edu.br.pm46sturismo            V  Input event delivered to android.view.ViewRootImpl$EarlyPostImeInputStage@cc668ab at 2025-07-09 23:35:33.415
2025-07-09 23:35:33.991 15113-15113 ViewRootIm...oActivity] utfpr.edu.br.pm46sturismo            V  [ANR Warning]Input routeing takes more than 6000ms since 2025-07-09 23:34:39.821, this = com.mediatek.view.impl.ViewDebugManagerImpl@c0d988b
2025-07-09 23:35:33.991 15113-15113 ViewRootIm...oActivity] utfpr.edu.br.pm46sturismo            V  Input event delivered to android.view.ViewRootImpl$SyntheticInputStage@b80e487 at 2025-07-09 23:35:33.990
2025-07-09 23:35:33.991 15113-15113 ViewRootIm...oActivity] utfpr.edu.br.pm46sturismo            V  Input event delivered to android.view.ViewRootImpl$NativePostImeInputStage@3a0db08 at 2025-07-09 23:35:33.987
2025-07-09 23:35:33.991 15113-15113 ViewRootIm...oActivity] utfpr.edu.br.pm46sturismo            V  Input event delivered to android.view.ViewRootImpl$ViewPostImeInputStage@e69e2a1 at 2025-07-09 23:35:33.987
2025-07-09 23:35:33.991 15113-15113 ViewRootIm...oActivity] utfpr.edu.br.pm46sturismo            V  Input event delivered to android.view.ViewRootImpl$EarlyPostImeInputStage@cc668ab at 2025-07-09 23:35:33.987
2025-07-09 23:35:33.992 15113-15113 ViewRootIm...oActivity] utfpr.edu.br.pm46sturismo            V  [ANR Warning]Input routeing takes more than 6000ms since 2025-07-09 23:34:39.821, this = com.mediatek.view.impl.ViewDebugManagerImpl@c0d988b
2025-07-09 23:35:33.992 15113-15113 ViewRootIm...oActivity] utfpr.edu.br.pm46sturismo            V  Input event delivered to android.view.ViewRootImpl$SyntheticInputStage@b80e487 at 2025-07-09 23:35:33.991
2025-07-09 23:35:33.992 15113-15113 ViewRootIm...oActivity] utfpr.edu.br.pm46sturismo            V  Input event delivered to android.view.ViewRootImpl$NativePostImeInputStage@3a0db08 at 2025-07-09 23:35:33.991
2025-07-09 23:35:33.992 15113-15113 ViewRootIm...oActivity] utfpr.edu.br.pm46sturismo            V  Input event delivered to android.view.ViewRootImpl$ViewPostImeInputStage@e69e2a1 at 2025-07-09 23:35:33.991
2025-07-09 23:35:33.992 15113-15113 ViewRootIm...oActivity] utfpr.edu.br.pm46sturismo            V  Input event delivered to android.view.ViewRootImpl$EarlyPostImeInputStage@cc668ab at 2025-07-09 23:35:33.991
2025-07-09 23:35:34.158 15113-15113 ViewRootIm...oActivity] utfpr.edu.br.pm46sturismo            V  [ANR Warning]Input routeing takes more than 6000ms since 2025-07-09 23:34:39.821, this = com.mediatek.view.impl.ViewDebugManagerImpl@c0d988b
2025-07-09 23:35:34.158 15113-15113 ViewRootIm...oActivity] utfpr.edu.br.pm46sturismo            V  Input event delivered to android.view.ViewRootImpl$SyntheticInputStage@b80e487 at 2025-07-09 23:35:34.158
2025-07-09 23:35:34.158 15113-15113 ViewRootIm...oActivity] utfpr.edu.br.pm46sturismo            V  Input event delivered to android.view.ViewRootImpl$NativePostImeInputStage@3a0db08 at 2025-07-09 23:35:34.154
2025-07-09 23:35:34.159 15113-15113 ViewRootIm...oActivity] utfpr.edu.br.pm46sturismo            V  Input event delivered to android.view.ViewRootImpl$ViewPostImeInputStage@e69e2a1 at 2025-07-09 23:35:34.154
2025-07-09 23:35:34.159 15113-15113 ViewRootIm...oActivity] utfpr.edu.br.pm46sturismo            V  Input event delivered to android.view.ViewRootImpl$EarlyPostImeInputStage@cc668ab at 2025-07-09 23:35:34.154
2025-07-09 23:35:34.159 15113-15113 ViewRootIm...oActivity] utfpr.edu.br.pm46sturismo            V  [ANR Warning]Input routeing takes more than 6000ms since 2025-07-09 23:34:39.821, this = com.mediatek.view.impl.ViewDebugManagerImpl@c0d988b
2025-07-09 23:35:34.159 15113-15113 ViewRootIm...oActivity] utfpr.edu.br.pm46sturismo            V  Input event delivered to android.view.ViewRootImpl$SyntheticInputStage@b80e487 at 2025-07-09 23:35:34.159
2025-07-09 23:35:34.159 15113-15113 ViewRootIm...oActivity] utfpr.edu.br.pm46sturismo            V  Input event delivered to android.view.ViewRootImpl$NativePostImeInputStage@3a0db08 at 2025-07-09 23:35:34.159
2025-07-09 23:35:34.159 15113-15113 ViewRootIm...oActivity] utfpr.edu.br.pm46sturismo            V  Input event delivered to android.view.ViewRootImpl$ViewPostImeInputStage@e69e2a1 at 2025-07-09 23:35:34.159
2025-07-09 23:35:34.159 15113-15113 ViewRootIm...oActivity] utfpr.edu.br.pm46sturismo            V  Input event delivered to android.view.ViewRootImpl$EarlyPostImeInputStage@cc668ab at 2025-07-09 23:35:34.159
2025-07-09 23:35:35.547 15113-15113 ViewRootIm...oActivity] utfpr.edu.br.pm46sturismo            V  [ANR Warning]Input routeing takes more than 6000ms since 2025-07-09 23:34:39.821, this = com.mediatek.view.impl.ViewDebugManagerImpl@c0d988b
2025-07-09 23:35:35.547 15113-15113 ViewRootIm...oActivity] utfpr.edu.br.pm46sturismo            V  Input event delivered to android.view.ViewRootImpl$SyntheticInputStage@b80e487 at 2025-07-09 23:35:35.546
2025-07-09 23:35:35.547 15113-15113 ViewRootIm...oActivity] utfpr.edu.br.pm46sturismo            V  Input event delivered to android.view.ViewRootImpl$NativePostImeInputStage@3a0db08 at 2025-07-09 23:35:35.542
2025-07-09 23:35:35.547 15113-15113 ViewRootIm...oActivity] utfpr.edu.br.pm46sturismo            V  Input event delivered to android.view.ViewRootImpl$ViewPostImeInputStage@e69e2a1 at 2025-07-09 23:35:35.542
2025-07-09 23:35:35.547 15113-15113 ViewRootIm...oActivity] utfpr.edu.br.pm46sturismo            V  Input event delivered to android.view.ViewRootImpl$EarlyPostImeInputStage@cc668ab at 2025-07-09 23:35:35.542
2025-07-09 23:35:35.548 15113-15113 ViewRootIm...oActivity] utfpr.edu.br.pm46sturismo            V  [ANR Warning]Input routeing takes more than 6000ms since 2025-07-09 23:34:39.821, this = com.mediatek.view.impl.ViewDebugManagerImpl@c0d988b
2025-07-09 23:35:35.548 15113-15113 ViewRootIm...oActivity] utfpr.edu.br.pm46sturismo            V  Input event delivered to android.view.ViewRootImpl$SyntheticInputStage@b80e487 at 2025-07-09 23:35:35.547
2025-07-09 23:35:35.548 15113-15113 ViewRootIm...oActivity] utfpr.edu.br.pm46sturismo            V  Input event delivered to android.view.ViewRootImpl$NativePostImeInputStage@3a0db08 at 2025-07-09 23:35:35.547
2025-07-09 23:35:35.548 15113-15113 ViewRootIm...oActivity] utfpr.edu.br.pm46sturismo            V  Input event delivered to android.view.ViewRootImpl$ViewPostImeInputStage@e69e2a1 at 2025-07-09 23:35:35.547
2025-07-09 23:35:35.548 15113-15113 ViewRootIm...oActivity] utfpr.edu.br.pm46sturismo            V  Input event delivered to android.view.ViewRootImpl$EarlyPostImeInputStage@cc668ab at 2025-07-09 23:35:35.547
2025-07-09 23:35:35.705 15113-15113 ViewRootIm...oActivity] utfpr.edu.br.pm46sturismo            V  [ANR Warning]Input routeing takes more than 6000ms since 2025-07-09 23:34:39.821, this = com.mediatek.view.impl.ViewDebugManagerImpl@c0d988b
2025-07-09 23:35:35.705 15113-15113 ViewRootIm...oActivity] utfpr.edu.br.pm46sturismo            V  Input event delivered to android.view.ViewRootImpl$SyntheticInputStage@b80e487 at 2025-07-09 23:35:35.705
2025-07-09 23:35:35.705 15113-15113 ViewRootIm...oActivity] utfpr.edu.br.pm46sturismo            V  Input event delivered to android.view.ViewRootImpl$NativePostImeInputStage@3a0db08 at 2025-07-09 23:35:35.701
2025-07-09 23:35:35.705 15113-15113 ViewRootIm...oActivity] utfpr.edu.br.pm46sturismo            V  Input event delivered to android.view.ViewRootImpl$ViewPostImeInputStage@e69e2a1 at 2025-07-09 23:35:35.701
2025-07-09 23:35:35.705 15113-15113 ViewRootIm...oActivity] utfpr.edu.br.pm46sturismo            V  Input event delivered to android.view.ViewRootImpl$EarlyPostImeInputStage@cc668ab at 2025-07-09 23:35:35.701
2025-07-09 23:35:35.706 15113-15113 ViewRootIm...oActivity] utfpr.edu.br.pm46sturismo            V  [ANR Warning]Input routeing takes more than 6000ms since 2025-07-09 23:34:39.821, this = com.mediatek.view.impl.ViewDebugManagerImpl@c0d988b
2025-07-09 23:35:35.706 15113-15113 ViewRootIm...oActivity] utfpr.edu.br.pm46sturismo            V  Input event delivered to android.view.ViewRootImpl$SyntheticInputStage@b80e487 at 2025-07-09 23:35:35.706
2025-07-09 23:35:35.706 15113-15113 ViewRootIm...oActivity] utfpr.edu.br.pm46sturismo            V  Input event delivered to android.view.ViewRootImpl$NativePostImeInputStage@3a0db08 at 2025-07-09 23:35:35.705
2025-07-09 23:35:35.706 15113-15113 ViewRootIm...oActivity] utfpr.edu.br.pm46sturismo            V  Input event delivered to android.view.ViewRootImpl$ViewPostImeInputStage@e69e2a1 at 2025-07-09 23:35:35.705
2025-07-09 23:35:35.706 15113-15113 ViewRootIm...oActivity] utfpr.edu.br.pm46sturismo            V  Input event delivered to android.view.ViewRootImpl$EarlyPostImeInputStage@cc668ab at 2025-07-09 23:35:35.705
2025-07-09 23:35:37.158 15113-15113 ViewRootIm...oActivity] utfpr.edu.br.pm46sturismo            V  [ANR Warning]Input routeing takes more than 6000ms since 2025-07-09 23:34:39.821, this = com.mediatek.view.impl.ViewDebugManagerImpl@c0d988b
2025-07-09 23:35:37.158 15113-15113 ViewRootIm...oActivity] utfpr.edu.br.pm46sturismo            V  Input event delivered to android.view.ViewRootImpl$SyntheticInputStage@b80e487 at 2025-07-09 23:35:37.158
2025-07-09 23:35:37.158 15113-15113 ViewRootIm...oActivity] utfpr.edu.br.pm46sturismo            V  Input event delivered to android.view.ViewRootImpl$NativePostImeInputStage@3a0db08 at 2025-07-09 23:35:37.156
2025-07-09 23:35:37.158 15113-15113 ViewRootIm...oActivity] utfpr.edu.br.pm46sturismo            V  Input event delivered to android.view.ViewRootImpl$ViewPostImeInputStage@e69e2a1 at 2025-07-09 23:35:37.156
2025-07-09 23:35:37.158 15113-15113 ViewRootIm...oActivity] utfpr.edu.br.pm46sturismo            V  Input event delivered to android.view.ViewRootImpl$EarlyPostImeInputStage@cc668ab at 2025-07-09 23:35:37.156
2025-07-09 23:35:37.159 15113-15113 ViewRootIm...oActivity] utfpr.edu.br.pm46sturismo            V  [ANR Warning]Input routeing takes more than 6000ms since 2025-07-09 23:34:39.821, this = com.mediatek.view.impl.ViewDebugManagerImpl@c0d988b
2025-07-09 23:35:37.159 15113-15113 ViewRootIm...oActivity] utfpr.edu.br.pm46sturismo            V  Input event delivered to android.view.ViewRootImpl$SyntheticInputStage@b80e487 at 2025-07-09 23:35:37.158
2025-07-09 23:35:37.159 15113-15113 ViewRootIm...oActivity] utfpr.edu.br.pm46sturismo            V  Input event delivered to android.view.ViewRootImpl$NativePostImeInputStage@3a0db08 at 2025-07-09 23:35:37.158
2025-07-09 23:35:37.159 15113-15113 ViewRootIm...oActivity] utfpr.edu.br.pm46sturismo            V  Input event delivered to android.view.ViewRootImpl$ViewPostImeInputStage@e69e2a1 at 2025-07-09 23:35:37.158
2025-07-09 23:35:37.159 15113-15113 ViewRootIm...oActivity] utfpr.edu.br.pm46sturismo            V  Input event delivered to android.view.ViewRootImpl$EarlyPostImeInputStage@cc668ab at 2025-07-09 23:35:37.158
2025-07-09 23:35:38.847 15113-15113 InputMethodManager      utfpr.edu.br.pm46sturismo            D  showSoftInput() view=androidx.appcompat.widget.AppCompatEditText{7d006aa VFED..CL. .F.P..ID 48,1260-1032,1396 #7f0800c2 app:id/editarEndereco aid=1073741826} flags=0 reason=SHOW_SOFT_INPUT
2025-07-09 23:35:38.860 15113-15113 IInputConnectionWrapper utfpr.edu.br.pm46sturismo            W  requestCursorAnchorInfo on inactive InputConnection
2025-07-09 23:35:38.888 15113-15113 InsetsController        utfpr.edu.br.pm46sturismo            D  show(ime(), fromIme=true)
2025-07-09 23:35:38.891 15113-15113 InsetsController        utfpr.edu.br.pm46sturismo            D  show(ime(), fromIme=true)
2025-07-09 23:35:42.433 15113-15113 ViewRootIm...oActivity] utfpr.edu.br.pm46sturismo            V  [ANR Warning]Input routeing takes more than 6000ms since 2025-07-09 23:34:39.821, this = com.mediatek.view.impl.ViewDebugManagerImpl@c0d988b
2025-07-09 23:35:42.433 15113-15113 ViewRootIm...oActivity] utfpr.edu.br.pm46sturismo            V  Input event delivered to android.view.ViewRootImpl$SyntheticInputStage@b80e487 at 2025-07-09 23:35:42.433
2025-07-09 23:35:42.433 15113-15113 ViewRootIm...oActivity] utfpr.edu.br.pm46sturismo            V  Input event delivered to android.view.ViewRootImpl$NativePostImeInputStage@3a0db08 at 2025-07-09 23:35:42.431
2025-07-09 23:35:42.433 15113-15113 ViewRootIm...oActivity] utfpr.edu.br.pm46sturismo            V  Input event delivered to android.view.ViewRootImpl$ViewPostImeInputStage@e69e2a1 at 2025-07-09 23:35:42.431
2025-07-09 23:35:42.433 15113-15113 ViewRootIm...oActivity] utfpr.edu.br.pm46sturismo            V  Input event delivered to android.view.ViewRootImpl$EarlyPostImeInputStage@cc668ab at 2025-07-09 23:35:42.431
2025-07-09 23:35:42.434 15113-15113 ViewRootIm...oActivity] utfpr.edu.br.pm46sturismo            V  [ANR Warning]Input routeing takes more than 6000ms since 2025-07-09 23:34:39.821, this = com.mediatek.view.impl.ViewDebugManagerImpl@c0d988b
2025-07-09 23:35:42.434 15113-15113 ViewRootIm...oActivity] utfpr.edu.br.pm46sturismo            V  Input event delivered to android.view.ViewRootImpl$SyntheticInputStage@b80e487 at 2025-07-09 23:35:42.433
2025-07-09 23:35:42.434 15113-15113 ViewRootIm...oActivity] utfpr.edu.br.pm46sturismo            V  Input event delivered to android.view.ViewRootImpl$NativePostImeInputStage@3a0db08 at 2025-07-09 23:35:42.433
2025-07-09 23:35:42.434 15113-15113 ViewRootIm...oActivity] utfpr.edu.br.pm46sturismo            V  Input event delivered to android.view.ViewRootImpl$ViewPostImeInputStage@e69e2a1 at 2025-07-09 23:35:42.433
2025-07-09 23:35:42.434 15113-15113 ViewRootIm...oActivity] utfpr.edu.br.pm46sturismo            V  Input event delivered to android.view.ViewRootImpl$EarlyPostImeInputStage@cc668ab at 2025-07-09 23:35:42.433
2025-07-09 23:35:42.701 15113-15113 ViewRootIm...oActivity] utfpr.edu.br.pm46sturismo            V  [ANR Warning]Input routeing takes more than 6000ms since 2025-07-09 23:34:39.821, this = com.mediatek.view.impl.ViewDebugManagerImpl@c0d988b
2025-07-09 23:35:42.701 15113-15113 ViewRootIm...oActivity] utfpr.edu.br.pm46sturismo            V  Input event delivered to android.view.ViewRootImpl$SyntheticInputStage@b80e487 at 2025-07-09 23:35:42.701
2025-07-09 23:35:42.701 15113-15113 ViewRootIm...oActivity] utfpr.edu.br.pm46sturismo            V  Input event delivered to android.view.ViewRootImpl$NativePostImeInputStage@3a0db08 at 2025-07-09 23:35:42.697
2025-07-09 23:35:42.702 15113-15113 ViewRootIm...oActivity] utfpr.edu.br.pm46sturismo            V  Input event delivered to android.view.ViewRootImpl$ViewPostImeInputStage@e69e2a1 at 2025-07-09 23:35:42.697
2025-07-09 23:35:42.702 15113-15113 ViewRootIm...oActivity] utfpr.edu.br.pm46sturismo            V  Input event delivered to android.view.ViewRootImpl$EarlyPostImeInputStage@cc668ab at 2025-07-09 23:35:42.697
2025-07-09 23:35:42.702 15113-15113 ViewRootIm...oActivity] utfpr.edu.br.pm46sturismo            V  [ANR Warning]Input routeing takes more than 6000ms since 2025-07-09 23:34:39.821, this = com.mediatek.view.impl.ViewDebugManagerImpl@c0d988b
2025-07-09 23:35:42.702 15113-15113 ViewRootIm...oActivity] utfpr.edu.br.pm46sturismo            V  Input event delivered to android.view.ViewRootImpl$SyntheticInputStage@b80e487 at 2025-07-09 23:35:42.702
2025-07-09 23:35:42.702 15113-15113 ViewRootIm...oActivity] utfpr.edu.br.pm46sturismo            V  Input event delivered to android.view.ViewRootImpl$NativePostImeInputStage@3a0db08 at 2025-07-09 23:35:42.702
2025-07-09 23:35:42.702 15113-15113 ViewRootIm...oActivity] utfpr.edu.br.pm46sturismo            V  Input event delivered to android.view.ViewRootImpl$ViewPostImeInputStage@e69e2a1 at 2025-07-09 23:35:42.702
2025-07-09 23:35:42.703 15113-15113 ViewRootIm...oActivity] utfpr.edu.br.pm46sturismo            V  Input event delivered to android.view.ViewRootImpl$EarlyPostImeInputStage@cc668ab at 2025-07-09 23:35:42.702
2025-07-09 23:35:42.843 15113-15113 ViewRootIm...oActivity] utfpr.edu.br.pm46sturismo            V  [ANR Warning]Input routeing takes more than 6000ms since 2025-07-09 23:34:39.821, this = com.mediatek.view.impl.ViewDebugManagerImpl@c0d988b
2025-07-09 23:35:42.843 15113-15113 ViewRootIm...oActivity] utfpr.edu.br.pm46sturismo            V  Input event delivered to android.view.ViewRootImpl$SyntheticInputStage@b80e487 at 2025-07-09 23:35:42.843
2025-07-09 23:35:42.843 15113-15113 ViewRootIm...oActivity] utfpr.edu.br.pm46sturismo            V  Input event delivered to android.view.ViewRootImpl$NativePostImeInputStage@3a0db08 at 2025-07-09 23:35:42.840
2025-07-09 23:35:42.844 15113-15113 ViewRootIm...oActivity] utfpr.edu.br.pm46sturismo            V  Input event delivered to android.view.ViewRootImpl$ViewPostImeInputStage@e69e2a1 at 2025-07-09 23:35:42.840
2025-07-09 23:35:42.844 15113-15113 ViewRootIm...oActivity] utfpr.edu.br.pm46sturismo            V  Input event delivered to android.view.ViewRootImpl$EarlyPostImeInputStage@cc668ab at 2025-07-09 23:35:42.839
2025-07-09 23:35:42.844 15113-15113 ViewRootIm...oActivity] utfpr.edu.br.pm46sturismo            V  [ANR Warning]Input routeing takes more than 6000ms since 2025-07-09 23:34:39.821, this = com.mediatek.view.impl.ViewDebugManagerImpl@c0d988b
2025-07-09 23:35:42.845 15113-15113 ViewRootIm...oActivity] utfpr.edu.br.pm46sturismo            V  Input event delivered to android.view.ViewRootImpl$SyntheticInputStage@b80e487 at 2025-07-09 23:35:42.844
2025-07-09 23:35:42.845 15113-15113 ViewRootIm...oActivity] utfpr.edu.br.pm46sturismo            V  Input event delivered to android.view.ViewRootImpl$NativePostImeInputStage@3a0db08 at 2025-07-09 23:35:42.844
2025-07-09 23:35:42.845 15113-15113 ViewRootIm...oActivity] utfpr.edu.br.pm46sturismo            V  Input event delivered to android.view.ViewRootImpl$ViewPostImeInputStage@e69e2a1 at 2025-07-09 23:35:42.844
2025-07-09 23:35:42.845 15113-15113 ViewRootIm...oActivity] utfpr.edu.br.pm46sturismo            V  Input event delivered to android.view.ViewRootImpl$EarlyPostImeInputStage@cc668ab at 2025-07-09 23:35:42.844
2025-07-09 23:35:42.992 15113-15113 ViewRootIm...oActivity] utfpr.edu.br.pm46sturismo            V  [ANR Warning]Input routeing takes more than 6000ms since 2025-07-09 23:34:39.821, this = com.mediatek.view.impl.ViewDebugManagerImpl@c0d988b
2025-07-09 23:35:42.992 15113-15113 ViewRootIm...oActivity] utfpr.edu.br.pm46sturismo            V  Input event delivered to android.view.ViewRootImpl$SyntheticInputStage@b80e487 at 2025-07-09 23:35:42.992
2025-07-09 23:35:42.992 15113-15113 ViewRootIm...oActivity] utfpr.edu.br.pm46sturismo            V  Input event delivered to android.view.ViewRootImpl$NativePostImeInputStage@3a0db08 at 2025-07-09 23:35:42.991
2025-07-09 23:35:42.992 15113-15113 ViewRootIm...oActivity] utfpr.edu.br.pm46sturismo            V  Input event delivered to android.view.ViewRootImpl$ViewPostImeInputStage@e69e2a1 at 2025-07-09 23:35:42.991
2025-07-09 23:35:42.992 15113-15113 ViewRootIm...oActivity] utfpr.edu.br.pm46sturismo            V  Input event delivered to android.view.ViewRootImpl$EarlyPostImeInputStage@cc668ab at 2025-07-09 23:35:42.991
2025-07-09 23:35:42.992 15113-15113 ViewRootIm...oActivity] utfpr.edu.br.pm46sturismo            V  [ANR Warning]Input routeing takes more than 6000ms since 2025-07-09 23:34:39.821, this = com.mediatek.view.impl.ViewDebugManagerImpl@c0d988b
2025-07-09 23:35:42.993 15113-15113 ViewRootIm...oActivity] utfpr.edu.br.pm46sturismo            V  Input event delivered to android.view.ViewRootImpl$SyntheticInputStage@b80e487 at 2025-07-09 23:35:42.992
2025-07-09 23:35:42.993 15113-15113 ViewRootIm...oActivity] utfpr.edu.br.pm46sturismo            V  Input event delivered to android.view.ViewRootImpl$NativePostImeInputStage@3a0db08 at 2025-07-09 23:35:42.992
2025-07-09 23:35:42.993 15113-15113 ViewRootIm...oActivity] utfpr.edu.br.pm46sturismo            V  Input event delivered to android.view.ViewRootImpl$ViewPostImeInputStage@e69e2a1 at 2025-07-09 23:35:42.992
2025-07-09 23:35:42.993 15113-15113 ViewRootIm...oActivity] utfpr.edu.br.pm46sturismo            V  Input event delivered to android.view.ViewRootImpl$EarlyPostImeInputStage@cc668ab at 2025-07-09 23:35:42.992
2025-07-09 23:35:43.117 15113-15113 ViewRootIm...oActivity] utfpr.edu.br.pm46sturismo            V  [ANR Warning]Input routeing takes more than 6000ms since 2025-07-09 23:34:39.821, this = com.mediatek.view.impl.ViewDebugManagerImpl@c0d988b
2025-07-09 23:35:43.117 15113-15113 ViewRootIm...oActivity] utfpr.edu.br.pm46sturismo            V  Input event delivered to android.view.ViewRootImpl$SyntheticInputStage@b80e487 at 2025-07-09 23:35:43.117
2025-07-09 23:35:43.117 15113-15113 ViewRootIm...oActivity] utfpr.edu.br.pm46sturismo            V  Input event delivered to android.view.ViewRootImpl$NativePostImeInputStage@3a0db08 at 2025-07-09 23:35:43.115
2025-07-09 23:35:43.117 15113-15113 ViewRootIm...oActivity] utfpr.edu.br.pm46sturismo            V  Input event delivered to android.view.ViewRootImpl$ViewPostImeInputStage@e69e2a1 at 2025-07-09 23:35:43.115
2025-07-09 23:35:43.117 15113-15113 ViewRootIm...oActivity] utfpr.edu.br.pm46sturismo            V  Input event delivered to android.view.ViewRootImpl$EarlyPostImeInputStage@cc668ab at 2025-07-09 23:35:43.115
2025-07-09 23:35:43.118 15113-15113 ViewRootIm...oActivity] utfpr.edu.br.pm46sturismo            V  [ANR Warning]Input routeing takes more than 6000ms since 2025-07-09 23:34:39.821, this = com.mediatek.view.impl.ViewDebugManagerImpl@c0d988b
2025-07-09 23:35:43.118 15113-15113 ViewRootIm...oActivity] utfpr.edu.br.pm46sturismo            V  Input event delivered to android.view.ViewRootImpl$SyntheticInputStage@b80e487 at 2025-07-09 23:35:43.117
2025-07-09 23:35:43.118 15113-15113 ViewRootIm...oActivity] utfpr.edu.br.pm46sturismo            V  Input event delivered to android.view.ViewRootImpl$NativePostImeInputStage@3a0db08 at 2025-07-09 23:35:43.117
2025-07-09 23:35:43.118 15113-15113 ViewRootIm...oActivity] utfpr.edu.br.pm46sturismo            V  Input event delivered to android.view.ViewRootImpl$ViewPostImeInputStage@e69e2a1 at 2025-07-09 23:35:43.117
2025-07-09 23:35:43.118 15113-15113 ViewRootIm...oActivity] utfpr.edu.br.pm46sturismo            V  Input event delivered to android.view.ViewRootImpl$EarlyPostImeInputStage@cc668ab at 2025-07-09 23:35:43.117
2025-07-09 23:35:43.260 15113-15113 ViewRootIm...oActivity] utfpr.edu.br.pm46sturismo            V  [ANR Warning]Input routeing takes more than 6000ms since 2025-07-09 23:34:39.821, this = com.mediatek.view.impl.ViewDebugManagerImpl@c0d988b
2025-07-09 23:35:43.260 15113-15113 ViewRootIm...oActivity] utfpr.edu.br.pm46sturismo            V  Input event delivered to android.view.ViewRootImpl$SyntheticInputStage@b80e487 at 2025-07-09 23:35:43.259
2025-07-09 23:35:43.260 15113-15113 ViewRootIm...oActivity] utfpr.edu.br.pm46sturismo            V  Input event delivered to android.view.ViewRootImpl$NativePostImeInputStage@3a0db08 at 2025-07-09 23:35:43.258
2025-07-09 23:35:43.260 15113-15113 ViewRootIm...oActivity] utfpr.edu.br.pm46sturismo            V  Input event delivered to android.view.ViewRootImpl$ViewPostImeInputStage@e69e2a1 at 2025-07-09 23:35:43.258
2025-07-09 23:35:43.260 15113-15113 ViewRootIm...oActivity] utfpr.edu.br.pm46sturismo            V  Input event delivered to android.view.ViewRootImpl$EarlyPostImeInputStage@cc668ab at 2025-07-09 23:35:43.258
2025-07-09 23:35:43.260 15113-15113 ViewRootIm...oActivity] utfpr.edu.br.pm46sturismo            V  [ANR Warning]Input routeing takes more than 6000ms since 2025-07-09 23:34:39.821, this = com.mediatek.view.impl.ViewDebugManagerImpl@c0d988b
2025-07-09 23:35:43.260 15113-15113 ViewRootIm...oActivity] utfpr.edu.br.pm46sturismo            V  Input event delivered to android.view.ViewRootImpl$SyntheticInputStage@b80e487 at 2025-07-09 23:35:43.260
2025-07-09 23:35:43.260 15113-15113 ViewRootIm...oActivity] utfpr.edu.br.pm46sturismo            V  Input event delivered to android.view.ViewRootImpl$NativePostImeInputStage@3a0db08 at 2025-07-09 23:35:43.260
2025-07-09 23:35:43.260 15113-15113 ViewRootIm...oActivity] utfpr.edu.br.pm46sturismo            V  Input event delivered to android.view.ViewRootImpl$ViewPostImeInputStage@e69e2a1 at 2025-07-09 23:35:43.260
2025-07-09 23:35:43.260 15113-15113 ViewRootIm...oActivity] utfpr.edu.br.pm46sturismo            V  Input event delivered to android.view.ViewRootImpl$EarlyPostImeInputStage@cc668ab at 2025-07-09 23:35:43.260
2025-07-09 23:35:50.294 15113-15113 AppTurboService         utfpr.edu.br.pm46sturismo            D   dont support slide jank stats.
2025-07-09 23:35:50.494 15113-15113 AppTurboService         utfpr.edu.br.pm46sturismo            D   dont support slide jank stats.
2025-07-09 23:35:50.595 15113-15113 AppTurboService         utfpr.edu.br.pm46sturismo            D   dont support slide jank stats.
2025-07-09 23:35:50.812 15113-15113 AppTurboService         utfpr.edu.br.pm46sturismo            D   dont support slide jank stats.
2025-07-09 23:35:59.619 15113-15113 AppTurboService         utfpr.edu.br.pm46sturismo            D   dont support slide jank stats.
2025-07-09 23:35:59.819 15113-15113 AppTurboService         utfpr.edu.br.pm46sturismo            D   dont support slide jank stats.
2025-07-09 23:36:01.324 15113-15113 InputMethodManager      utfpr.edu.br.pm46sturismo            D  showSoftInput() view=androidx.appcompat.widget.AppCompatEditText{7d006aa VFED..CL. .F.P..ID 48,1260-1032,1396 #7f0800c2 app:id/editarEndereco aid=1073741826} flags=0 reason=SHOW_SOFT_INPUT
2025-07-09 23:36:01.354 15113-15113 ViewRootIm...w:c90582f] utfpr.edu.br.pm46sturismo            D  hardware acceleration = true, sRendererEnabled = true, forceHwAccelerated = false
2025-07-09 23:36:01.355 15113-17718 libPerfCtl              utfpr.edu.br.pm46sturismo            I  fbcNotifySbeRescue ret=-1
2025-07-09 23:36:01.364 15113-15113 InsetsController        utfpr.edu.br.pm46sturismo            D  show(ime(), fromIme=true)
2025-07-09 23:36:01.372 15113-15113 BufferQueueConsumer     utfpr.edu.br.pm46sturismo            I  [](id:3b0900000012,api:0,p:-1,c:15113) connect: controlledByApp=false
2025-07-09 23:36:01.372 15113-15113 BLASTBufferQueue        utfpr.edu.br.pm46sturismo            I  [ViewRootImpl[PopupWindow:c90582f]#17] constructor()
2025-07-09 23:36:01.374 15113-17713 BufferQueueProducer     utfpr.edu.br.pm46sturismo            I  [ViewRootImpl[PopupWindow:c90582f]#17(BLAST Consumer)17](id:3b0900000012,api:1,p:15113,c:15113) connect: api=1 producerControlledByApp=true
2025-07-09 23:36:01.380 15113-17718 libPerfCtl              utfpr.edu.br.pm46sturismo            I  fbcNotifySbeRescue ret=-1
2025-07-09 23:36:01.431 15113-18222 BLASTBufferQueue        utfpr.edu.br.pm46sturismo            E  [ViewRootImpl[PopupWindow:c90582f]#17](f:0,a:2) isEGL=1, mPendingRelease.size()=1, mMaxAcquiredBuffers=5, currentMaxAcquiredBufferCount=2
2025-07-09 23:36:01.433 15113-17713 BufferQueueProducer     utfpr.edu.br.pm46sturismo            I  [ViewRootImpl[PopupWindow:c90582f]#17(BLAST Consumer)17](id:3b0900000012,api:1,p:15113,c:15113) disconnect: api 1
2025-07-09 23:36:01.433 15113-15113 View                    utfpr.edu.br.pm46sturismo            D  [Warning] assignParent to null: this = android.widget.PopupWindow$PopupDecorView{ad4484b V.E...... R....... 0,0-120,120}
2025-07-09 23:36:01.433 15113-15113 BLASTBufferQueue        utfpr.edu.br.pm46sturismo            I  [ViewRootImpl[PopupWindow:c90582f]#17] destructor()
2025-07-09 23:36:01.433 15113-15113 BufferQueueConsumer     utfpr.edu.br.pm46sturismo            I  [ViewRootImpl[PopupWindow:c90582f]#17(BLAST Consumer)17](id:3b0900000012,api:0,p:-1,c:15113) disconnect
2025-07-09 23:36:01.510 15113-15113 androidtc               utfpr.edu.br.pm46sturismo            D  Initializing SystemTextClassifier, type = System
2025-07-09 23:36:01.514 15113-15113 androidtc               utfpr.edu.br.pm46sturismo            W  TextClassifier called on main thread
2025-07-09 23:36:01.515 15113-15113 androidtc               utfpr.edu.br.pm46sturismo            D  Initializing SystemTextClassifier, type = System
2025-07-09 23:36:01.613 15113-17808 BLASTBufferQueue        utfpr.edu.br.pm46sturismo            I  releaseBufferCallbackThunk bufferId:64909840744575 framenumber:2 blastBufferQueue is dead
2025-07-09 23:36:01.633 15113-15113 InputMethodManager      utfpr.edu.br.pm46sturismo            D  showSoftInput() view=androidx.appcompat.widget.AppCompatEditText{7d006aa VFED..CL. .F.P..ID 48,1260-1032,1396 #7f0800c2 app:id/editarEndereco aid=1073741826} flags=0 reason=SHOW_SOFT_INPUT
2025-07-09 23:36:01.643 15113-15113 ViewRootIm...w:c90582f] utfpr.edu.br.pm46sturismo            D  hardware acceleration = true, sRendererEnabled = true, forceHwAccelerated = false
2025-07-09 23:36:01.651 15113-15113 InsetsController        utfpr.edu.br.pm46sturismo            D  show(ime(), fromIme=true)
2025-07-09 23:36:01.661 15113-15113 BufferQueueConsumer     utfpr.edu.br.pm46sturismo            I  [](id:3b0900000013,api:0,p:-1,c:15113) connect: controlledByApp=false
2025-07-09 23:36:01.661 15113-15113 BLASTBufferQueue        utfpr.edu.br.pm46sturismo            I  [ViewRootImpl[PopupWindow:c90582f]#18] constructor()
2025-07-09 23:36:01.662 15113-17713 BufferQueueProducer     utfpr.edu.br.pm46sturismo            I  [ViewRootImpl[PopupWindow:c90582f]#18(BLAST Consumer)18](id:3b0900000013,api:1,p:15113,c:15113) connect: api=1 producerControlledByApp=true
2025-07-09 23:36:01.698 15113-17808 BLASTBufferQueue        utfpr.edu.br.pm46sturismo            E  [ViewRootImpl[PopupWindow:c90582f]#18](f:0,a:2) isEGL=1, mPendingRelease.size()=1, mMaxAcquiredBuffers=5, currentMaxAcquiredBufferCount=2
2025-07-09 23:36:02.060 15113-17713 BufferQueueProducer     utfpr.edu.br.pm46sturismo            I  [ViewRootImpl[PopupWindow:c90582f]#18(BLAST Consumer)18](id:3b0900000013,api:1,p:15113,c:15113) disconnect: api 1
2025-07-09 23:36:02.061 15113-15113 View                    utfpr.edu.br.pm46sturismo            D  [Warning] assignParent to null: this = android.widget.PopupWindow$PopupDecorView{a9cbe40 V.E...... R....... 0,0-120,120}
2025-07-09 23:36:02.061 15113-15113 BLASTBufferQueue        utfpr.edu.br.pm46sturismo            I  [ViewRootImpl[PopupWindow:c90582f]#18] destructor()
2025-07-09 23:36:02.061 15113-15113 BufferQueueConsumer     utfpr.edu.br.pm46sturismo            I  [ViewRootImpl[PopupWindow:c90582f]#18(BLAST Consumer)18](id:3b0900000013,api:0,p:-1,c:15113) disconnect
2025-07-09 23:36:02.065 15113-17718 libPerfCtl              utfpr.edu.br.pm46sturismo            I  fbcNotifySbeRescue ret=-1
2025-07-09 23:36:02.073 15113-15113 os.SingleLice           utfpr.edu.br.pm46sturismo            D  instance successfully. com.transsion.widget.v1.FloatingToolbarLice@c34b179 from com.transsion.widget.FloatingToolbarLiceFactory
2025-07-09 23:36:02.073 15113-15113 os.SingleLiceFactory    utfpr.edu.br.pm46sturismo            D  instance successfully. com.transsion.widget.v1.FloatingToolbarLice@c34b179 from com.android.internal.IInternalViewLice
2025-07-09 23:36:02.246 15113-15113 ViewRootIm...w:61cc519] utfpr.edu.br.pm46sturismo            D  hardware acceleration = true, sRendererEnabled = true, forceHwAccelerated = false
2025-07-09 23:36:02.247 15113-17808 BLASTBufferQueue        utfpr.edu.br.pm46sturismo            I  releaseBufferCallbackThunk bufferId:64909840744582 framenumber:2 blastBufferQueue is dead
2025-07-09 23:36:02.253 15113-15113 InputMethodManager      utfpr.edu.br.pm46sturismo            D  showSoftInput() view=androidx.appcompat.widget.AppCompatEditText{7d006aa VFED..CL. .F....ID 48,1260-1032,1396 #7f0800c2 app:id/editarEndereco aid=1073741826} flags=0 reason=SHOW_SOFT_INPUT
2025-07-09 23:36:02.256 15113-15113 androidtc               utfpr.edu.br.pm46sturismo            W  TextClassifier called on main thread
2025-07-09 23:36:02.260 15113-15113 ViewRootIm...w:74ede8c] utfpr.edu.br.pm46sturismo            D  hardware acceleration = true, sRendererEnabled = true, forceHwAccelerated = false
2025-07-09 23:36:02.266 15113-15113 ViewRootIm...w:79250db] utfpr.edu.br.pm46sturismo            D  hardware acceleration = true, sRendererEnabled = true, forceHwAccelerated = false
2025-07-09 23:36:02.275 15113-15113 BufferQueueConsumer     utfpr.edu.br.pm46sturismo            I  [](id:3b0900000014,api:0,p:-1,c:15113) connect: controlledByApp=false
2025-07-09 23:36:02.276 15113-15113 BLASTBufferQueue        utfpr.edu.br.pm46sturismo            I  [ViewRootImpl[PopupWindow:61cc519]#19] constructor()
2025-07-09 23:36:02.276 15113-17713 BufferQueueProducer     utfpr.edu.br.pm46sturismo            I  [ViewRootImpl[PopupWindow:61cc519]#19(BLAST Consumer)19](id:3b0900000014,api:1,p:15113,c:15113) connect: api=1 producerControlledByApp=true
2025-07-09 23:36:02.313 15113-15113 BufferQueueConsumer     utfpr.edu.br.pm46sturismo            I  [](id:3b0900000015,api:0,p:-1,c:15113) connect: controlledByApp=false
2025-07-09 23:36:02.313 15113-15113 BLASTBufferQueue        utfpr.edu.br.pm46sturismo            I  [ViewRootImpl[PopupWindow:74ede8c]#20] constructor()
2025-07-09 23:36:02.314 15113-17713 BufferQueueProducer     utfpr.edu.br.pm46sturismo            I  [ViewRootImpl[PopupWindow:74ede8c]#20(BLAST Consumer)20](id:3b0900000015,api:1,p:15113,c:15113) connect: api=1 producerControlledByApp=true
2025-07-09 23:36:02.322 15113-17718 libPerfCtl              utfpr.edu.br.pm46sturismo            I  fbcNotifySbeRescue ret=-1
2025-07-09 23:36:02.325 15113-15113 BufferQueueConsumer     utfpr.edu.br.pm46sturismo            I  [](id:3b0900000016,api:0,p:-1,c:15113) connect: controlledByApp=false
2025-07-09 23:36:02.325 15113-15113 BLASTBufferQueue        utfpr.edu.br.pm46sturismo            I  [ViewRootImpl[PopupWindow:79250db]#21] constructor()
2025-07-09 23:36:02.326 15113-17713 BufferQueueProducer     utfpr.edu.br.pm46sturismo            I  [ViewRootImpl[PopupWindow:79250db]#21(BLAST Consumer)21](id:3b0900000016,api:1,p:15113,c:15113) connect: api=1 producerControlledByApp=true
2025-07-09 23:36:02.348 15113-17718 libPerfCtl              utfpr.edu.br.pm46sturismo            I  fbcNotifySbeRescue ret=-1
2025-07-09 23:36:02.353 15113-17808 BLASTBufferQueue        utfpr.edu.br.pm46sturismo            E  [ViewRootImpl[PopupWindow:61cc519]#19](f:0,a:2) isEGL=1, mPendingRelease.size()=1, mMaxAcquiredBuffers=5, currentMaxAcquiredBufferCount=2
2025-07-09 23:36:02.386 15113-15113 InsetsController        utfpr.edu.br.pm46sturismo            D  show(ime(), fromIme=true)
2025-07-09 23:36:02.403 15113-18222 BLASTBufferQueue        utfpr.edu.br.pm46sturismo            E  [ViewRootImpl[PopupWindow:61cc519]#19](f:0,a:5) isEGL=1, mPendingRelease.size()=2, mMaxAcquiredBuffers=5, currentMaxAcquiredBufferCount=2
2025-07-09 23:36:02.403 15113-18222 BLASTBufferQueue        utfpr.edu.br.pm46sturismo            E  [ViewRootImpl[PopupWindow:74ede8c]#20](f:0,a:2) isEGL=1, mPendingRelease.size()=1, mMaxAcquiredBuffers=5, currentMaxAcquiredBufferCount=2
2025-07-09 23:36:02.403 15113-18222 BLASTBufferQueue        utfpr.edu.br.pm46sturismo            E  [ViewRootImpl[PopupWindow:79250db]#21](f:0,a:2) isEGL=1, mPendingRelease.size()=1, mMaxAcquiredBuffers=5, currentMaxAcquiredBufferCount=2
2025-07-09 23:36:02.419 15113-18222 BLASTBufferQueue        utfpr.edu.br.pm46sturismo            E  [ViewRootImpl[PopupWindow:61cc519]#19](f:0,a:6) isEGL=1, mPendingRelease.size()=3, mMaxAcquiredBuffers=5, currentMaxAcquiredBufferCount=2
2025-07-09 23:36:02.618 15113-15113 androidtc               utfpr.edu.br.pm46sturismo            D  Initializing SystemTextClassifier, type = System
2025-07-09 23:36:02.619 15113-15113 InputMethodManager      utfpr.edu.br.pm46sturismo            D  showSoftInput() view=androidx.appcompat.widget.AppCompatEditText{7d006aa VFED..CL. .F.P.... 48,1260-1032,1396 #7f0800c2 app:id/editarEndereco aid=1073741826} flags=0 reason=SHOW_SOFT_INPUT
2025-07-09 23:36:02.621 15113-17713 BufferQueueProducer     utfpr.edu.br.pm46sturismo            I  [ViewRootImpl[PopupWindow:74ede8c]#20(BLAST Consumer)20](id:3b0900000015,api:1,p:15113,c:15113) disconnect: api 1
2025-07-09 23:36:02.622 15113-15113 View                    utfpr.edu.br.pm46sturismo            D  [Warning] assignParent to null: this = android.widget.PopupWindow$PopupDecorView{61e2e8d V.E...... R....... 0,0-132,120}
2025-07-09 23:36:02.622 15113-15113 BLASTBufferQueue        utfpr.edu.br.pm46sturismo            I  [ViewRootImpl[PopupWindow:74ede8c]#20] destructor()
2025-07-09 23:36:02.622 15113-15113 BufferQueueConsumer     utfpr.edu.br.pm46sturismo            I  [ViewRootImpl[PopupWindow:74ede8c]#20(BLAST Consumer)20](id:3b0900000015,api:0,p:-1,c:15113) disconnect
2025-07-09 23:36:02.622 15113-17921 androidtc               utfpr.edu.br.pm46sturismo            D  Interrupted during ResponseReceiver.get(): textclassification (InterruptedException)
2025-07-09 23:36:02.628 15113-17713 BufferQueueProducer     utfpr.edu.br.pm46sturismo            I  [ViewRootImpl[PopupWindow:79250db]#21(BLAST Consumer)21](id:3b0900000016,api:1,p:15113,c:15113) disconnect: api 1
2025-07-09 23:36:02.629 15113-15113 View                    utfpr.edu.br.pm46sturismo            D  [Warning] assignParent to null: this = android.widget.PopupWindow$PopupDecorView{b16f842 V.E...... R....... 0,0-132,120}
2025-07-09 23:36:02.629 15113-15113 BLASTBufferQueue        utfpr.edu.br.pm46sturismo            I  [ViewRootImpl[PopupWindow:79250db]#21] destructor()
2025-07-09 23:36:02.629 15113-15113 BufferQueueConsumer     utfpr.edu.br.pm46sturismo            I  [ViewRootImpl[PopupWindow:79250db]#21(BLAST Consumer)21](id:3b0900000016,api:0,p:-1,c:15113) disconnect
2025-07-09 23:36:02.641 15113-15113 ViewRootIm...w:c90582f] utfpr.edu.br.pm46sturismo            D  hardware acceleration = true, sRendererEnabled = true, forceHwAccelerated = false
2025-07-09 23:36:02.644 15113-15113 InsetsController        utfpr.edu.br.pm46sturismo            D  show(ime(), fromIme=true)
2025-07-09 23:36:02.650 15113-15113 BufferQueueConsumer     utfpr.edu.br.pm46sturismo            I  [](id:3b0900000017,api:0,p:-1,c:15113) connect: controlledByApp=false
2025-07-09 23:36:02.651 15113-15113 BLASTBufferQueue        utfpr.edu.br.pm46sturismo            I  [ViewRootImpl[PopupWindow:c90582f]#22] constructor()
2025-07-09 23:36:02.652 15113-17713 BufferQueueProducer     utfpr.edu.br.pm46sturismo            I  [ViewRootImpl[PopupWindow:c90582f]#22(BLAST Consumer)22](id:3b0900000017,api:1,p:15113,c:15113) connect: api=1 producerControlledByApp=true
2025-07-09 23:36:02.695 15113-17713 BufferQueueProducer     utfpr.edu.br.pm46sturismo            I  [ViewRootImpl[PopupWindow:c90582f]#22(BLAST Consumer)22](id:3b0900000017,api:1,p:15113,c:15113) disconnect: api 1
2025-07-09 23:36:02.695 15113-15113 View                    utfpr.edu.br.pm46sturismo            D  [Warning] assignParent to null: this = android.widget.PopupWindow$PopupDecorView{5a0568e V.E...... R....... 0,0-120,120}
2025-07-09 23:36:02.695 15113-15113 BLASTBufferQueue        utfpr.edu.br.pm46sturismo            I  [ViewRootImpl[PopupWindow:c90582f]#22] destructor()
2025-07-09 23:36:02.695 15113-15113 BufferQueueConsumer     utfpr.edu.br.pm46sturismo            I  [ViewRootImpl[PopupWindow:c90582f]#22(BLAST Consumer)22](id:3b0900000017,api:0,p:-1,c:15113) disconnect
2025-07-09 23:36:02.721 15113-15113 androidtc               utfpr.edu.br.pm46sturismo            W  TextClassifier called on main thread
2025-07-09 23:36:02.721 15113-15113 androidtc               utfpr.edu.br.pm46sturismo            W  TextClassifier called on main thread
2025-07-09 23:36:02.785 15113-15113 androidtc               utfpr.edu.br.pm46sturismo            D  Initializing SystemTextClassifier, type = System
2025-07-09 23:36:02.786 15113-15113 androidtc               utfpr.edu.br.pm46sturismo            W  TextClassifier called on main thread
2025-07-09 23:36:02.786 15113-15113 androidtc               utfpr.edu.br.pm46sturismo            D  Initializing SystemTextClassifier, type = System
